Component: ARM Compiler 5.05 update 2 (build 169) Tool: armlink [4d0f33]

==============================================================================

Section Cross References

    startup_stm32f10x_hd.o(RESET) refers to startup_stm32f10x_hd.o(STACK) for __initial_sp
    startup_stm32f10x_hd.o(RESET) refers to startup_stm32f10x_hd.o(.text) for Reset_Handler
    startup_stm32f10x_hd.o(RESET) refers to stm32f10x_it.o(i.HardFault_Handler) for HardFault_Handler
    startup_stm32f10x_hd.o(RESET) refers to stm32f10x_it.o(i.TIM2_IRQHandler) for TIM2_IRQHandler
    startup_stm32f10x_hd.o(RESET) refers to stm32f10x_it.o(i.USART1_IRQHandler) for USART1_IRQHandler
    startup_stm32f10x_hd.o(RESET) refers to stm32f10x_it.o(i.USART2_IRQHandler) for USART2_IRQHandler
    startup_stm32f10x_hd.o(RESET) refers to stm32f10x_it.o(i.UART4_IRQHandler) for UART4_IRQHandler
    startup_stm32f10x_hd.o(.text) refers to system_stm32f10x.o(i.SystemInit) for SystemInit
    startup_stm32f10x_hd.o(.text) refers to entry.o(.ARM.Collect$$$$00000000) for __main
    main.o(i.ACU_Init) refers to resister.o(.bss) for Device_RWReg_Union
    main.o(i.FLASHINIT_FLASH) refers to stm32f10x_flash.o(i.FLASH_Unlock) for FLASH_Unlock
    main.o(i.FLASHINIT_FLASH) refers to stm32f10x_flash.o(i.FLASH_ClearFlag) for FLASH_ClearFlag
    main.o(i.FLASHINIT_FLASH) refers to stm32f10x_flash.o(i.FLASH_ErasePage) for FLASH_ErasePage
    main.o(i.FLASHINIT_FLASH) refers to stm32f10x_flash.o(i.FLASH_ProgramHalfWord) for FLASH_ProgramHalfWord
    main.o(i.FLASHINIT_FLASH) refers to stm32f10x_flash.o(i.FLASH_Lock) for FLASH_Lock
    main.o(i.FLASHINIT_FLASH) refers to main.o(.data) for flash_data
    main.o(i.main) refers to main.o(i.ACU_Init) for ACU_Init
    main.o(i.main) refers to flash.o(i.ReadDataFromFlash) for ReadDataFromFlash
    main.o(i.main) refers to relay.o(i.RelayInit) for RelayInit
    main.o(i.main) refers to xc_config.o(i.NVIC_Configuration) for NVIC_Configuration
    main.o(i.main) refers to delay.o(i.Delay_Init) for Delay_Init
    main.o(i.main) refers to modbus.o(i.InitProg_485) for InitProg_485
    main.o(i.main) refers to dio.o(i.Input_Init) for Input_Init
    main.o(i.main) refers to hc595.o(i.LED_HC595_Init) for LED_HC595_Init
    main.o(i.main) refers to wdg.o(i.IWDG_Init) for IWDG_Init
    main.o(i.main) refers to dio.o(i.GetInputData) for GetInputData
    main.o(i.main) refers to dio.o(i.SystemStateDisplay) for SystemStateDisplay
    main.o(i.main) refers to modbus.o(i.checkComm0Modbus) for checkComm0Modbus
    main.o(i.main) refers to relay.o(i.AllRelayControl) for AllRelayControl
    main.o(i.main) refers to relay.o(i.RelayAndLedUpdate) for RelayAndLedUpdate
    main.o(i.main) refers to modbus_host.o(i.SendCMD03toSensor) for SendCMD03toSensor
    main.o(i.main) refers to modbus.o(i.UpLoadData) for UpLoadData
    main.o(i.main) refers to resister.o(.data) for InputData
    main.o(i.main) refers to resister.o(.bss) for Device_RWReg_Union
    main.o(i.main) refers to modbus_host.o(.data) for sensorNum_nowAccess
    main.o(i.main) refers to main.o(.data) for timeMs
    main.o(i.main) refers to main.o(.bss) for LiXian_flag
    stm32f10x_it.o(i.SendDataToExternRS485) refers to queuebyte.o(i.Queue_byteCount) for Queue_byteCount
    stm32f10x_it.o(i.SendDataToExternRS485) refers to queuebyte.o(i.GetByteFromQueue) for GetByteFromQueue
    stm32f10x_it.o(i.SendDataToExternRS485) refers to stm32f10x_usart.o(i.USART_SendData) for USART_SendData
    stm32f10x_it.o(i.SendDataToExternRS485) refers to stm32f10x_usart.o(i.USART_GetFlagStatus) for USART_GetFlagStatus
    stm32f10x_it.o(i.SendDataToExternRS485) refers to resister.o(.bss) for Device_RWReg_Union
    stm32f10x_it.o(i.SendDataToExternRS485) refers to stm32f10x_it.o(.bss) for Queue_UART4_Rece
    stm32f10x_it.o(i.SendDataToExternRS485) refers to stm32f10x_it.o(.data) for SendDataToExternRS485_busy
    stm32f10x_it.o(i.TIM2_IRQHandler) refers to stm32f10x_tim.o(i.TIM_ClearFlag) for TIM_ClearFlag
    stm32f10x_it.o(i.TIM2_IRQHandler) refers to wdg.o(i.IWDG_Feed) for IWDG_Feed
    stm32f10x_it.o(i.TIM2_IRQHandler) refers to stm32f10x_it.o(i.SendDataToExternRS485) for SendDataToExternRS485
    stm32f10x_it.o(i.TIM2_IRQHandler) refers to stm32f10x_it.o(.data) for Timeout_IWG
    stm32f10x_it.o(i.TIM2_IRQHandler) refers to main.o(.data) for timeMs
    stm32f10x_it.o(i.TIM2_IRQHandler) refers to dio.o(.data) for timeMs_LED
    stm32f10x_it.o(i.TIM2_IRQHandler) refers to modbus.o(.data) for receTimeOut_USART1
    stm32f10x_it.o(i.UART4_IRQHandler) refers to stm32f10x_usart.o(i.USART_GetITStatus) for USART_GetITStatus
    stm32f10x_it.o(i.UART4_IRQHandler) refers to stm32f10x_usart.o(i.USART_SendData) for USART_SendData
    stm32f10x_it.o(i.UART4_IRQHandler) refers to stm32f10x_usart.o(i.USART_ClearITPendingBit) for USART_ClearITPendingBit
    stm32f10x_it.o(i.UART4_IRQHandler) refers to stm32f10x_it.o(.data) for uart4_temp
[...]
    modbus.o(i.forceSingleCoil) refers to modbus.o(.data) for receCount_USART1
    modbus.o(i.presetMultipleRegisters) refers to resister.o(i.RegisterMap_WriteData) for RegisterMap_WriteData
    modbus.o(i.presetMultipleRegisters) refers to flash.o(i.WriteDataToFlash) for WriteDataToFlash
    modbus.o(i.presetMultipleRegisters) refers to modbus_crc.o(i.crc16) for crc16
    modbus.o(i.presetMultipleRegisters) refers to modbus.o(i.Begin_send) for Begin_send
    modbus.o(i.presetMultipleRegisters) refers to modbus.o(.bss) for receBuf_USART1
    modbus.o(i.presetMultipleRegisters) refers to resister.o(.bss) for Device_RWReg_Union
    modbus.o(i.presetMultipleRegisters) refers to modbus.o(.data) for sendCount
    modbus.o(i.presetSingleRegister) refers to resister.o(i.RegisterMap_WriteData) for RegisterMap_WriteData
    modbus.o(i.presetSingleRegister) refers to flash.o(i.WriteDataToFlash) for WriteDataToFlash
    modbus.o(i.presetSingleRegister) refers to modbus_crc.o(i.crc16) for crc16
    modbus.o(i.presetSingleRegister) refers to modbus.o(i.Begin_send) for Begin_send
    modbus.o(i.presetSingleRegister) refers to modbus.o(.bss) for receBuf_USART1
    modbus.o(i.presetSingleRegister) refers to modbus.o(.data) for b
    modbus.o(i.presetSingleRegister) refers to resister.o(.bss) for Device_RWReg_Union
    modbus.o(i.readCoils) refers to resister.o(i.getCoilVal) for getCoilVal
    modbus.o(i.readCoils) refers to modbus_crc.o(i.crc16) for crc16
    modbus.o(i.readCoils) refers to modbus.o(i.Begin_send) for Begin_send
    modbus.o(i.readCoils) refers to modbus.o(.data) for test
    modbus.o(i.readCoils) refers to modbus.o(.bss) for receBuf_USART1
    modbus.o(i.readCoils) refers to resister.o(.bss) for Device_RWReg_Union
    modbus.o(i.readInPutCoils) refers to resister.o(i.getCoilVal) for getCoilVal
    modbus.o(i.readInPutCoils) refers to modbus_crc.o(i.crc16) for crc16
    modbus.o(i.readInPutCoils) refers to modbus.o(i.Begin_send) for Begin_send
    modbus.o(i.readInPutCoils) refers to modbus.o(.bss) for receBuf_USART1
    modbus.o(i.readInPutCoils) refers to resister.o(.bss) for Device_RWReg_Union
    modbus.o(i.readInPutCoils) refers to modbus.o(.data) for sendCount
    modbus.o(i.readInPutRegisters) refers to resister.o(i.getRegisterVal) for getRegisterVal
    modbus.o(i.readInPutRegisters) refers to modbus_crc.o(i.crc16) for crc16
    modbus.o(i.readInPutRegisters) refers to modbus.o(i.Begin_send) for Begin_send
    modbus.o(i.readInPutRegisters) refers to modbus.o(.bss) for receBuf_USART1
    modbus.o(i.readInPutRegisters) refers to resister.o(.bss) for Device_RWReg_Union
    modbus.o(i.readInPutRegisters) refers to modbus.o(.data) for sendCount
    modbus.o(i.readRegisters) refers to resister.o(i.RegisterMap_ReadData) for RegisterMap_ReadData
    modbus.o(i.readRegisters) refers to modbus_crc.o(i.crc16) for crc16
    modbus.o(i.readRegisters) refers to modbus.o(i.Begin_send) for Begin_send
    modbus.o(i.readRegisters) refers to modbus.o(.bss) for receBuf_USART1
    modbus.o(i.readRegisters) refers to modbus.o(.data) for test3
    modbus.o(i.readRegisters) refers to resister.o(.bss) for Device_RWReg_Union
    modbus.o(i.uart1sends) refers to stm32f10x_usart.o(i.USART_SendData) for USART_SendData
    modbus.o(i.uart1sends) refers to stm32f10x_usart.o(i.USART_GetFlagStatus) for USART_GetFlagStatus
    modbus.o(i.uart4sends) refers to stm32f10x_usart.o(i.USART_SendData) for USART_SendData
    modbus.o(i.uart4sends) refers to stm32f10x_usart.o(i.USART_GetFlagStatus) for USART_GetFlagStatus
    modbus_crc.o(i.crc16) refers to modbus_crc.o(.constdata) for auchCRCHi
    resister.o(i.BtoF) refers to resister.o(.data) for un_4b
    resister.o(i.BtoL) refers to resister.o(.data) for un_4b
    resister.o(i.RegisterMap_ReadData) refers to resister.o(.constdata) for Register41000
    resister.o(i.RegisterMap_WriteData) refers to usart.o(i.USART2_Config) for USART2_Config
    resister.o(i.RegisterMap_WriteData) refers to usart.o(i.UART4_Config) for UART4_Config
    resister.o(i.RegisterMap_WriteData) refers to resister.o(.constdata) for Register41000
    resister.o(i.RegisterMap_WriteData) refers to modbus.o(.data) for BAUDtable
    resister.o(i.getCoilVal) refers to resister.o(.data) for RWstatus0
    resister.o(i.getRegisterVal) refers to resister.o(.bss) for RWReg
    resister.o(i.setCoilVal) refers to resister.o(.bss) for Device_RWReg_Union
    resister.o(i.setRegisterVal) refers to resister.o(.bss) for RWReg
    resister.o(.constdata) refers to resister.o(.bss) for Device_RWReg_Union
    modbus_host.o(i.GetDataFromSensor) refers to modbus_crc.o(i.crc16) for crc16
    modbus_host.o(i.GetDataFromSensor) refers to modbus_host.o(.data) for d
    modbus_host.o(i.GetDataFromSensor) refers to modbus_host.o(.bss) for receBuf_HOST
    modbus_host.o(i.GetDataFromSensor) refers to main.o(.bss) for LiXian_flag
    modbus_host.o(i.GetDataFromSensor) refers to resister.o(.bss) for Device_RWReg_Union
    modbus_host.o(i.SendCMD03toSensor) refers to modbus_crc.o(i.crc16) for crc16
    modbus_host.o(i.SendCMD03toSensor) refers to modbus_host.o(i.uart2sends) for uart2sends
    modbus_host.o(i.SendCMD03toSensor) refers to delay.o(i.delay_ms) for delay_ms
    modbus_host.o(i.SendCMD03toSensor) refers to modbus_host.o(.data) for sensorAddress_nowAccess
    modbus_host.o(i.SendCMD03toSensor) refers to modbus_host.o(.bss) for sendBuf_HOST
    modbus_host.o(i.uart2sends) refers to stm32f10x_usart.o(i.USART_SendData) for USART_SendData
    modbus_host.o(i.uart2sends) refers to stm32f10x_usart.o(i.USART_GetFlagStatus) for USART_GetFlagStatus
    dio.o(i.Input_Init) refers to stm32f10x_rcc.o(i.RCC_APB2PeriphClockCmd) for RCC_APB2PeriphClockCmd
    dio.o(i.Input_Init) refers to stm32f10x_gpio.o(i.GPIO_PinRemapConfig) for GPIO_PinRemapConfig
    dio.o(i.Input_Init) refers to stm32f10x_gpio.o(i.GPIO_Init) for GPIO_Init
    dio.o(i.StateDisplay) refers to resister.o(.data) for System_State
    dio.o(i.StateDisplay) refers to dio.o(.data) for timeMs_LED
    dio.o(i.SystemStateDisplay) refers to dio.o(.data) for timeMs_LED
    dio.o(i.SystemStateDisplay) refers to resister.o(.data) for System_State
    hc595.o(i.HC595_Init) refers to stm32f10x_rcc.o(i.RCC_APB2PeriphClockCmd) for RCC_APB2PeriphClockCmd
    hc595.o(i.HC595_Init) refers to stm32f10x_gpio.o(i.GPIO_Init) for GPIO_Init
    hc595.o(i.HC595_Init) refers to stm32f10x_gpio.o(i.GPIO_ResetBits) for GPIO_ResetBits
    hc595.o(i.LED_HC595_Init) refers to stm32f10x_rcc.o(i.RCC_APB2PeriphClockCmd) for RCC_APB2PeriphClockCmd
    hc595.o(i.LED_HC595_Init) refers to stm32f10x_gpio.o(i.GPIO_Init) for GPIO_Init
    hc595.o(i.LED_HC595_Init) refers to stm32f10x_gpio.o(i.GPIO_ResetBits) for GPIO_ResetBits
    hc595.o(i.LED_WR_595_28bits) refers to stm32f10x_gpio.o(i.GPIO_ResetBits) for GPIO_ResetBits
    hc595.o(i.LED_WR_595_28bits) refers to stm32f10x_gpio.o(i.GPIO_SetBits) for GPIO_SetBits
    hc595.o(i.LED_WR_595_28bits_YAO) refers to stm32f10x_gpio.o(i.GPIO_ResetBits) for GPIO_ResetBits
    hc595.o(i.LED_WR_595_28bits_YAO) refers to stm32f10x_gpio.o(i.GPIO_SetBits) for GPIO_SetBits
    hc595.o(i.LED_WR_595_8bits) refers to stm32f10x_gpio.o(i.GPIO_SetBits) for GPIO_SetBits
    hc595.o(i.LED_WR_595_8bits) refers to stm32f10x_gpio.o(i.GPIO_ResetBits) for GPIO_ResetBits
    hc595.o(i.WR_595_16bits) refers to stm32f10x_gpio.o(i.GPIO_SetBits) for GPIO_SetBits
    hc595.o(i.WR_595_16bits) refers to stm32f10x_gpio.o(i.GPIO_ResetBits) for GPIO_ResetBits
    hc595.o(i.WR_595_8bits) refers to stm32f10x_gpio.o(i.GPIO_SetBits) for GPIO_SetBits
    hc595.o(i.WR_595_8bits) refers to stm32f10x_gpio.o(i.GPIO_ResetBits) for GPIO_ResetBits
    relay.o(i.AllRelayControl) refers to relay.o(i.SingleRelayControl) for SingleRelayControl
    relay.o(i.Relay0_OFF) refers to hc595.o(i.WR_595_8bits) for WR_595_8bits
    relay.o(i.Relay0_OFF) refers to relay.o(.data) for RelaySet
    relay.o(i.Relay0_ON) refers to hc595.o(i.WR_595_8bits) for WR_595_8bits
    relay.o(i.Relay0_ON) refers to relay.o(.data) for RelaySet
    relay.o(i.Relay1_OFF) refers to hc595.o(i.WR_595_8bits) for WR_595_8bits
    relay.o(i.Relay1_OFF) refers to relay.o(.data) for RelaySet
    relay.o(i.Relay1_ON) refers to hc595.o(i.WR_595_8bits) for WR_595_8bits
    relay.o(i.Relay1_ON) refers to relay.o(.data) for RelaySet
    relay.o(i.Relay2_OFF) refers to hc595.o(i.WR_595_8bits) for WR_595_8bits
    relay.o(i.Relay2_OFF) refers to relay.o(.data) for RelaySet
    relay.o(i.Relay2_ON) refers to hc595.o(i.WR_595_8bits) for WR_595_8bits
    relay.o(i.Relay2_ON) refers to relay.o(.data) for RelaySet
    relay.o(i.Relay3_OFF) refers to hc595.o(i.WR_595_8bits) for WR_595_8bits
    relay.o(i.Relay3_OFF) refers to relay.o(.data) for RelaySet
    relay.o(i.Relay3_ON) refers to hc595.o(i.WR_595_8bits) for WR_595_8bits
    relay.o(i.Relay3_ON) refers to relay.o(.data) for RelaySet
    relay.o(i.Relay4_OFF) refers to hc595.o(i.WR_595_8bits) for WR_595_8bits
    relay.o(i.Relay4_OFF) refers to relay.o(.data) for RelaySet
    relay.o(i.Relay4_ON) refers to hc595.o(i.WR_595_8bits) for WR_595_8bits
    relay.o(i.Relay4_ON) refers to relay.o(.data) for RelaySet
    relay.o(i.Relay5_OFF) refers to hc595.o(i.WR_595_8bits) for WR_595_8bits
    relay.o(i.Relay5_OFF) refers to relay.o(.data) for RelaySet
    relay.o(i.Relay5_ON) refers to hc595.o(i.WR_595_8bits) for WR_595_8bits
    relay.o(i.Relay5_ON) refers to relay.o(.data) for RelaySet
    relay.o(i.Relay6_OFF) refers to hc595.o(i.WR_595_8bits) for WR_595_8bits
    relay.o(i.Relay6_OFF) refers to relay.o(.data) for RelaySet
    relay.o(i.Relay6_ON) refers to hc595.o(i.WR_595_8bits) for WR_595_8bits
    relay.o(i.Relay6_ON) refers to relay.o(.data) for RelaySet
    relay.o(i.Relay7_OFF) refers to hc595.o(i.WR_595_8bits) for WR_595_8bits
    relay.o(i.Relay7_OFF) refers to relay.o(.data) for RelaySet
    relay.o(i.Relay7_ON) refers to hc595.o(i.WR_595_8bits) for WR_595_8bits
    relay.o(i.Relay7_ON) refers to relay.o(.data) for RelaySet
    relay.o(i.RelayAndLedUpdate) refers to hc595.o(i.WR_595_8bits) for WR_595_8bits
    relay.o(i.RelayAndLedUpdate) refers to hc595.o(i.LED_WR_595_28bits_YAO) for LED_WR_595_28bits_YAO
    relay.o(i.RelayInit) refers to hc595.o(i.HC595_Init) for HC595_Init
    relay.o(i.RelayInit) refers to hc595.o(i.LED_WR_595_28bits_YAO) for LED_WR_595_28bits_YAO
    relay.o(i.RelayInit) refers to resister.o(.bss) for Device_RWReg_Union
    relay.o(i.RelayInit) refers to relay.o(.data) for RelaySet
    relay.o(i.SingleRelayControl) refers to relay.o(.data) for FourData_MiddleData
    entry.o(.ARM.Collect$$$$00000000) refers (Special) to entry10a.o(.ARM.Collect$$$$0000000D) for __rt_final_cpp
    entry.o(.ARM.Collect$$$$00000000) refers (Special) to entry11a.o(.ARM.Collect$$$$0000000F) for __rt_final_exit
    entry.o(.ARM.Collect$$$$00000000) refers (Special) to entry7b.o(.ARM.Collect$$$$00000008) for _main_clock
    entry.o(.ARM.Collect$$$$00000000) refers (Special) to entry8b.o(.ARM.Collect$$$$0000000A) for _main_cpp_init
    entry.o(.ARM.Collect$$$$00000000) refers (Special) to entry9a.o(.ARM.Collect$$$$0000000B) for _main_init
    entry.o(.ARM.Collect$$$$00000000) refers (Special) to entry5.o(.ARM.Collect$$$$00000004) for _main_scatterload
    entry.o(.ARM.Collect$$$$00000000) refers (Special) to entry2.o(.ARM.Collect$$$$00000001) for _main_stk
    entry2.o(.ARM.Collect$$$$00000001) refers to entry2.o(.ARM.Collect$$$$00002712) for __lit__00000000
    entry2.o(.ARM.Collect$$$$00002712) refers to startup_stm32f10x_hd.o(STACK) for __initial_sp
    entry2.o(__vectab_stack_and_reset_area) refers to startup_stm32f10x_hd.o(STACK) for __initial_sp
    entry2.o(__vectab_stack_and_reset_area) refers to entry.o(.ARM.Collect$$$$00000000) for __main
    entry5.o(.ARM.Collect$$$$00000004) refers to init.o(.text) for __scatterload
    entry9a.o(.ARM.Collect$$$$0000000B) refers to main.o(i.main) for main
    entry9b.o(.ARM.Collect$$$$0000000C) refers to main.o(i.main) for main
    init.o(.text) refers to entry5.o(.ARM.Collect$$$$00000004) for __main_after_scatterload


==============================================================================

Removing Unused input sections from the image.

    Removing startup_stm32f10x_hd.o(HEAP), (512 bytes).
    Removing main.o(i.FLASHINIT_FLASH), (56 bytes).
    Removing queuebyte.o(i.Queue_byteInit), (14 bytes).
    Removing misc.o(i.NVIC_SetVectorTable), (20 bytes).
    Removing misc.o(i.NVIC_SystemLPConfig), (32 bytes).
    Removing misc.o(i.SysTick_CLKSourceConfig), (40 bytes).
    Removing stm32f10x_tim.o(i.TI1_Config), (128 bytes).
    Removing stm32f10x_tim.o(i.TI2_Config), (152 bytes).
    Removing stm32f10x_tim.o(i.TI3_Config), (144 bytes).
    Removing stm32f10x_tim.o(i.TI4_Config), (152 bytes).
    Removing stm32f10x_tim.o(i.TIM_ARRPreloadConfig), (24 bytes).
    Removing stm32f10x_tim.o(i.TIM_BDTRConfig), (32 bytes).
    Removing stm32f10x_tim.o(i.TIM_BDTRStructInit), (18 bytes).
    Removing stm32f10x_tim.o(i.TIM_CCPreloadControl), (24 bytes).
    Removing stm32f10x_tim.o(i.TIM_CCxCmd), (30 bytes).
    Removing stm32f10x_tim.o(i.TIM_CCxNCmd), (30 bytes).
    Removing stm32f10x_tim.o(i.TIM_ClearOC1Ref), (18 bytes).
    Removing stm32f10x_tim.o(i.TIM_ClearOC2Ref), (24 bytes).
    Removing stm32f10x_tim.o(i.TIM_ClearOC3Ref), (18 bytes).
    Removing stm32f10x_tim.o(i.TIM_ClearOC4Ref), (24 bytes).
    Removing stm32f10x_tim.o(i.TIM_CounterModeConfig), (18 bytes).
    Removing stm32f10x_tim.o(i.TIM_CtrlPWMOutputs), (30 bytes).
    Removing stm32f10x_tim.o(i.TIM_DMACmd), (18 bytes).
    Removing stm32f10x_tim.o(i.TIM_DMAConfig), (10 bytes).
    Removing stm32f10x_tim.o(i.TIM_ETRClockMode1Config), (54 bytes).
    Removing stm32f10x_tim.o(i.TIM_ETRClockMode2Config), (32 bytes).
    Removing stm32f10x_tim.o(i.TIM_ETRConfig), (28 bytes).
    Removing stm32f10x_tim.o(i.TIM_EncoderInterfaceConfig), (66 bytes).
    Removing stm32f10x_tim.o(i.TIM_ForcedOC1Config), (18 bytes).
    Removing stm32f10x_tim.o(i.TIM_ForcedOC2Config), (26 bytes).
    Removing stm32f10x_tim.o(i.TIM_ForcedOC3Config), (18 bytes).
    Removing stm32f10x_tim.o(i.TIM_ForcedOC4Config), (26 bytes).
    Removing stm32f10x_tim.o(i.TIM_GenerateEvent), (4 bytes).
    Removing stm32f10x_tim.o(i.TIM_GetCapture1), (6 bytes).
    Removing stm32f10x_tim.o(i.TIM_GetCapture2), (6 bytes).
    Removing stm32f10x_tim.o(i.TIM_GetCapture3), (6 bytes).
    Removing stm32f10x_tim.o(i.TIM_GetCapture4), (8 bytes).
    Removing stm32f10x_tim.o(i.TIM_GetCounter), (6 bytes).
    Removing stm32f10x_tim.o(i.TIM_GetFlagStatus), (18 bytes).
    Removing stm32f10x_tim.o(i.TIM_GetITStatus), (34 bytes).
    Removing stm32f10x_tim.o(i.TIM_GetPrescaler), (6 bytes).
    Removing stm32f10x_tim.o(i.TIM_ICInit), (172 bytes).
    Removing stm32f10x_tim.o(i.TIM_ICStructInit), (18 bytes).
    Removing stm32f10x_tim.o(i.TIM_ITRxExternalClockConfig), (24 bytes).
    Removing stm32f10x_tim.o(i.TIM_InternalClockConfig), (12 bytes).
    Removing stm32f10x_tim.o(i.TIM_OC1FastConfig), (18 bytes).
    Removing stm32f10x_tim.o(i.TIM_OC1Init), (152 bytes).
    Removing stm32f10x_tim.o(i.TIM_OC1NPolarityConfig), (18 bytes).
    Removing stm32f10x_tim.o(i.TIM_OC1PolarityConfig), (18 bytes).
    Removing stm32f10x_tim.o(i.TIM_OC1PreloadConfig), (18 bytes).
    Removing stm32f10x_tim.o(i.TIM_OC2FastConfig), (26 bytes).
    Removing stm32f10x_tim.o(i.TIM_OC2Init), (164 bytes).
    Removing stm32f10x_tim.o(i.TIM_OC2NPolarityConfig), (26 bytes).
    Removing stm32f10x_tim.o(i.TIM_OC2PolarityConfig), (26 bytes).
    Removing stm32f10x_tim.o(i.TIM_OC2PreloadConfig), (26 bytes).
    Removing stm32f10x_tim.o(i.TIM_OC3FastConfig), (18 bytes).
    Removing stm32f10x_tim.o(i.TIM_OC3Init), (160 bytes).
    Removing stm32f10x_tim.o(i.TIM_OC3NPolarityConfig), (26 bytes).
    Removing stm32f10x_tim.o(i.TIM_OC3PolarityConfig), (26 bytes).
    Removing stm32f10x_tim.o(i.TIM_OC3PreloadConfig), (18 bytes).
    Removing stm32f10x_tim.o(i.TIM_OC4FastConfig), (26 bytes).
    Removing stm32f10x_tim.o(i.TIM_OC4Init), (124 bytes).
    Removing stm32f10x_tim.o(i.TIM_OC4PolarityConfig), (26 bytes).
    Removing stm32f10x_tim.o(i.TIM_OC4PreloadConfig), (26 bytes).
    Removing stm32f10x_tim.o(i.TIM_OCStructInit), (20 bytes).
    Removing stm32f10x_tim.o(i.TIM_PWMIConfig), (124 bytes).
    Removing stm32f10x_tim.o(i.TIM_PrescalerConfig), (6 bytes).
    Removing stm32f10x_tim.o(i.TIM_SelectCCDMA), (24 bytes).
    Removing stm32f10x_tim.o(i.TIM_SelectCOM), (24 bytes).
    Removing stm32f10x_tim.o(i.TIM_SelectHallSensor), (24 bytes).
    Removing stm32f10x_tim.o(i.TIM_SelectInputTrigger), (18 bytes).
    Removing stm32f10x_tim.o(i.TIM_SelectMasterSlaveMode), (18 bytes).
    Removing stm32f10x_tim.o(i.TIM_SelectOCxM), (82 bytes).
    Removing stm32f10x_tim.o(i.TIM_SelectOnePulseMode), (18 bytes).
    Removing stm32f10x_tim.o(i.TIM_SelectOutputTrigger), (18 bytes).
    Removing stm32f10x_tim.o(i.TIM_SelectSlaveMode), (18 bytes).
    Removing stm32f10x_tim.o(i.TIM_SetAutoreload), (4 bytes).
    Removing stm32f10x_tim.o(i.TIM_SetClockDivision), (18 bytes).
    Removing stm32f10x_tim.o(i.TIM_SetCompare1), (4 bytes).
    Removing stm32f10x_tim.o(i.TIM_SetCompare2), (4 bytes).
    Removing stm32f10x_tim.o(i.TIM_SetCompare3), (4 bytes).
    Removing stm32f10x_tim.o(i.TIM_SetCompare4), (6 bytes).
    Removing stm32f10x_tim.o(i.TIM_SetCounter), (4 bytes).
    Removing stm32f10x_tim.o(i.TIM_SetIC1Prescaler), (18 bytes).
    Removing stm32f10x_tim.o(i.TIM_SetIC2Prescaler), (26 bytes).
    Removing stm32f10x_tim.o(i.TIM_SetIC3Prescaler), (18 bytes).
    Removing stm32f10x_tim.o(i.TIM_SetIC4Prescaler), (26 bytes).
    Removing stm32f10x_tim.o(i.TIM_TIxExternalClockConfig), (62 bytes).
    Removing stm32f10x_tim.o(i.TIM_TimeBaseStructInit), (18 bytes).
    Removing stm32f10x_tim.o(i.TIM_UpdateDisableConfig), (24 bytes).
    Removing stm32f10x_tim.o(i.TIM_UpdateRequestConfig), (24 bytes).
    Removing stm32f10x_rcc.o(i.RCC_ADCCLKConfig), (24 bytes).
    Removing stm32f10x_rcc.o(i.RCC_AHBPeriphClockCmd), (32 bytes).
    Removing stm32f10x_rcc.o(i.RCC_AdjustHSICalibrationValue), (24 bytes).
    Removing stm32f10x_rcc.o(i.RCC_BackupResetCmd), (12 bytes).
    Removing stm32f10x_rcc.o(i.RCC_ClearFlag), (20 bytes).
    Removing stm32f10x_rcc.o(i.RCC_ClearITPendingBit), (12 bytes).
    Removing stm32f10x_rcc.o(i.RCC_ClockSecuritySystemCmd), (12 bytes).
    Removing stm32f10x_rcc.o(i.RCC_DeInit), (76 bytes).
    Removing stm32f10x_rcc.o(i.RCC_GetFlagStatus), (60 bytes).
    Removing stm32f10x_rcc.o(i.RCC_GetITStatus), (24 bytes).
    Removing stm32f10x_rcc.o(i.RCC_GetSYSCLKSource), (16 bytes).
    Removing stm32f10x_rcc.o(i.RCC_HCLKConfig), (24 bytes).
    Removing stm32f10x_rcc.o(i.RCC_HSEConfig), (76 bytes).
    Removing stm32f10x_rcc.o(i.RCC_HSICmd), (12 bytes).
    Removing stm32f10x_rcc.o(i.RCC_ITConfig), (32 bytes).
    Removing stm32f10x_rcc.o(i.RCC_LSEConfig), (52 bytes).
    Removing stm32f10x_rcc.o(i.RCC_LSICmd), (12 bytes).
    Removing stm32f10x_rcc.o(i.RCC_MCOConfig), (12 bytes).
    Removing stm32f10x_rcc.o(i.RCC_PCLK1Config), (24 bytes).
    Removing stm32f10x_rcc.o(i.RCC_PCLK2Config), (24 bytes).
    Removing stm32f10x_rcc.o(i.RCC_PLLCmd), (12 bytes).
    Removing stm32f10x_rcc.o(i.RCC_PLLConfig), (28 bytes).
    Removing stm32f10x_rcc.o(i.RCC_RTCCLKCmd), (12 bytes).
    Removing stm32f10x_rcc.o(i.RCC_RTCCLKConfig), (16 bytes).
    Removing stm32f10x_rcc.o(i.RCC_SYSCLKConfig), (24 bytes).
    Removing stm32f10x_rcc.o(i.RCC_USBCLKConfig), (12 bytes).
    Removing stm32f10x_rcc.o(i.RCC_WaitForHSEStartUp), (56 bytes).
    Removing stm32f10x_exti.o(i.EXTI_ClearFlag), (12 bytes).
    Removing stm32f10x_exti.o(i.EXTI_ClearITPendingBit), (12 bytes).
    Removing stm32f10x_exti.o(i.EXTI_DeInit), (36 bytes).
    Removing stm32f10x_exti.o(i.EXTI_GenerateSWInterrupt), (16 bytes).
    Removing stm32f10x_exti.o(i.EXTI_GetFlagStatus), (24 bytes).
    Removing stm32f10x_exti.o(i.EXTI_GetITStatus), (40 bytes).
    Removing stm32f10x_exti.o(i.EXTI_Init), (148 bytes).
    Removing stm32f10x_exti.o(i.EXTI_StructInit), (16 bytes).
    Removing stm32f10x_pwr.o(i.PWR_BackupAccessCmd), (12 bytes).
    Removing stm32f10x_pwr.o(i.PWR_ClearFlag), (20 bytes).
    Removing stm32f10x_pwr.o(i.PWR_DeInit), (22 bytes).
    Removing stm32f10x_pwr.o(i.PWR_EnterSTANDBYMode), (52 bytes).
    Removing stm32f10x_pwr.o(i.PWR_EnterSTOPMode), (64 bytes).
    Removing stm32f10x_pwr.o(i.PWR_GetFlagStatus), (24 bytes).
    Removing stm32f10x_pwr.o(i.PWR_PVDCmd), (12 bytes).
    Removing stm32f10x_pwr.o(i.PWR_PVDLevelConfig), (24 bytes).
    Removing stm32f10x_pwr.o(i.PWR_WakeUpPinCmd), (12 bytes).
    Removing stm32f10x_gpio.o(i.GPIO_AFIODeInit), (20 bytes).
    Removing stm32f10x_gpio.o(i.GPIO_DeInit), (200 bytes).
    Removing stm32f10x_gpio.o(i.GPIO_ETH_MediaInterfaceConfig), (12 bytes).
    Removing stm32f10x_gpio.o(i.GPIO_EXTILineConfig), (64 bytes).
    Removing stm32f10x_gpio.o(i.GPIO_EventOutputCmd), (12 bytes).
    Removing stm32f10x_gpio.o(i.GPIO_EventOutputConfig), (32 bytes).
    Removing stm32f10x_gpio.o(i.GPIO_PinLockConfig), (18 bytes).
    Removing stm32f10x_gpio.o(i.GPIO_ReadInputData), (8 bytes).
    Removing stm32f10x_gpio.o(i.GPIO_ReadInputDataBit), (18 bytes).
    Removing stm32f10x_gpio.o(i.GPIO_ReadOutputData), (8 bytes).
    Removing stm32f10x_gpio.o(i.GPIO_ReadOutputDataBit), (18 bytes).
    Removing stm32f10x_gpio.o(i.GPIO_StructInit), (16 bytes).
    Removing stm32f10x_gpio.o(i.GPIO_Write), (4 bytes).
    Removing stm32f10x_gpio.o(i.GPIO_WriteBit), (10 bytes).
    Removing stm32f10x_usart.o(i.USART_ClockInit), (34 bytes).
    Removing stm32f10x_usart.o(i.USART_ClockStructInit), (12 bytes).
    Removing stm32f10x_usart.o(i.USART_DMACmd), (18 bytes).
    Removing stm32f10x_usart.o(i.USART_DeInit), (156 bytes).
    Removing stm32f10x_usart.o(i.USART_HalfDuplexCmd), (24 bytes).
    Removing stm32f10x_usart.o(i.USART_IrDACmd), (24 bytes).
    Removing stm32f10x_usart.o(i.USART_IrDAConfig), (18 bytes).
    Removing stm32f10x_usart.o(i.USART_LINBreakDetectLengthConfig), (18 bytes).
    Removing stm32f10x_usart.o(i.USART_LINCmd), (24 bytes).
    Removing stm32f10x_usart.o(i.USART_OneBitMethodCmd), (24 bytes).
    Removing stm32f10x_usart.o(i.USART_OverSampling8Cmd), (22 bytes).
    Removing stm32f10x_usart.o(i.USART_ReceiverWakeUpCmd), (24 bytes).
    Removing stm32f10x_usart.o(i.USART_SendBreak), (10 bytes).
    Removing stm32f10x_usart.o(i.USART_SetAddress), (18 bytes).
    Removing stm32f10x_usart.o(i.USART_SetGuardTime), (16 bytes).
    Removing stm32f10x_usart.o(i.USART_SetPrescaler), (16 bytes).
    Removing stm32f10x_usart.o(i.USART_SmartCardCmd), (24 bytes).
    Removing stm32f10x_usart.o(i.USART_SmartCardNACKCmd), (24 bytes).
    Removing stm32f10x_usart.o(i.USART_StructInit), (24 bytes).
    Removing stm32f10x_usart.o(i.USART_WakeUpConfig), (18 bytes).
    Removing stm32f10x_spi.o(i.I2S_Cmd), (24 bytes).
    Removing stm32f10x_spi.o(i.I2S_Init), (232 bytes).
    Removing stm32f10x_spi.o(i.I2S_StructInit), (20 bytes).
    Removing stm32f10x_spi.o(i.SPI_BiDirectionalLineConfig), (28 bytes).
    Removing stm32f10x_spi.o(i.SPI_CalculateCRC), (24 bytes).
    Removing stm32f10x_spi.o(i.SPI_Cmd), (24 bytes).
    Removing stm32f10x_spi.o(i.SPI_DataSizeConfig), (18 bytes).
    Removing stm32f10x_spi.o(i.SPI_GetCRC), (16 bytes).
    Removing stm32f10x_spi.o(i.SPI_GetCRCPolynomial), (6 bytes).
    Removing stm32f10x_spi.o(i.SPI_I2S_ClearFlag), (6 bytes).
    Removing stm32f10x_spi.o(i.SPI_I2S_ClearITPendingBit), (20 bytes).
    Removing stm32f10x_spi.o(i.SPI_I2S_DMACmd), (18 bytes).
    Removing stm32f10x_spi.o(i.SPI_I2S_DeInit), (88 bytes).
    Removing stm32f10x_spi.o(i.SPI_I2S_GetFlagStatus), (18 bytes).
    Removing stm32f10x_spi.o(i.SPI_I2S_GetITStatus), (52 bytes).
    Removing stm32f10x_spi.o(i.SPI_I2S_ITConfig), (32 bytes).
    Removing stm32f10x_spi.o(i.SPI_I2S_ReceiveData), (6 bytes).
    Removing stm32f10x_spi.o(i.SPI_I2S_SendData), (4 bytes).
    Removing stm32f10x_spi.o(i.SPI_Init), (60 bytes).
    Removing stm32f10x_spi.o(i.SPI_NSSInternalSoftwareConfig), (30 bytes).
    Removing stm32f10x_spi.o(i.SPI_SSOutputCmd), (24 bytes).
    Removing stm32f10x_spi.o(i.SPI_StructInit), (24 bytes).
    Removing stm32f10x_spi.o(i.SPI_TransmitCRC), (10 bytes).
    Removing stm32f10x_flash.o(i.FLASH_EnableWriteProtection), (196 bytes).
    Removing stm32f10x_flash.o(i.FLASH_EraseAllBank1Pages), (72 bytes).
    Removing stm32f10x_flash.o(i.FLASH_EraseAllPages), (72 bytes).
    Removing stm32f10x_flash.o(i.FLASH_EraseOptionBytes), (168 bytes).
    Removing stm32f10x_flash.o(i.FLASH_GetFlagStatus), (48 bytes).
    Removing stm32f10x_flash.o(i.FLASH_GetPrefetchBufferStatus), (24 bytes).
    Removing stm32f10x_flash.o(i.FLASH_GetReadOutProtectionStatus), (24 bytes).
    Removing stm32f10x_flash.o(i.FLASH_GetStatus), (52 bytes).
    Removing stm32f10x_flash.o(i.FLASH_GetUserOptionByte), (12 bytes).
    Removing stm32f10x_flash.o(i.FLASH_GetWriteProtectionOptionByte), (12 bytes).
    Removing stm32f10x_flash.o(i.FLASH_HalfCycleAccessCmd), (28 bytes).
    Removing stm32f10x_flash.o(i.FLASH_ITConfig), (32 bytes).
    Removing stm32f10x_flash.o(i.FLASH_LockBank1), (20 bytes).
    Removing stm32f10x_flash.o(i.FLASH_PrefetchBufferCmd), (28 bytes).
    Removing stm32f10x_flash.o(i.FLASH_ProgramOptionByteData), (84 bytes).
    Removing stm32f10x_flash.o(i.FLASH_ProgramWord), (108 bytes).
    Removing stm32f10x_flash.o(i.FLASH_ReadOutProtection), (172 bytes).
    Removing stm32f10x_flash.o(i.FLASH_SetLatency), (24 bytes).
    Removing stm32f10x_flash.o(i.FLASH_UnlockBank1), (24 bytes).
    Removing stm32f10x_flash.o(i.FLASH_UserOptionByteConfig), (104 bytes).
    Removing stm32f10x_flash.o(i.FLASH_WaitForLastBank1Operation), (38 bytes).
    Removing stm32f10x_iwdg.o(i.IWDG_GetFlagStatus), (24 bytes).
    Removing stm32f10x_dma.o(i.DMA_ClearFlag), (28 bytes).
    Removing stm32f10x_dma.o(i.DMA_ClearITPendingBit), (28 bytes).
    Removing stm32f10x_dma.o(i.DMA_Cmd), (24 bytes).
    Removing stm32f10x_dma.o(i.DMA_DeInit), (332 bytes).
    Removing stm32f10x_dma.o(i.DMA_GetCurrDataCounter), (8 bytes).
    Removing stm32f10x_dma.o(i.DMA_GetFlagStatus), (44 bytes).
    Removing stm32f10x_dma.o(i.DMA_GetITStatus), (44 bytes).
    Removing stm32f10x_dma.o(i.DMA_ITConfig), (18 bytes).
    Removing stm32f10x_dma.o(i.DMA_Init), (60 bytes).
    Removing stm32f10x_dma.o(i.DMA_SetCurrDataCounter), (4 bytes).
    Removing stm32f10x_dma.o(i.DMA_StructInit), (26 bytes).
    Removing core_cm3.o(.emb_text), (32 bytes).
    Removing system_stm32f10x.o(i.SystemCoreClockUpdate), (164 bytes).
    Removing system_stm32f10x.o(.data), (20 bytes).
    Removing xc_config.o(i.GPIO_Config), (44 bytes).
    Removing delay.o(i.delay_us), (60 bytes).
    Removing usart.o(i._sys_exit), (6 bytes).
    Removing usart.o(i.fputc), (36 bytes).
    Removing usart.o(.data), (4 bytes).
    Removing modbus.o(i.uart4sends), (48 bytes).
    Removing resister.o(i.BtoF), (32 bytes).
    Removing resister.o(i.BtoL), (32 bytes).
    Removing resister.o(i.setRegisterVal), (24 bytes).
    Removing mymap.o(.data), (20 bytes).
    Removing dio.o(i.StateDisplay), (112 bytes).
    Removing hc595.o(i.LED_WR_595_28bits), (180 bytes).
    Removing hc595.o(i.LED_WR_595_8bits), (176 bytes).
    Removing hc595.o(i.WR_595_16bits), (176 bytes).
    Removing hc595.o(.bss), (28 bytes).
    Removing relay.o(i.Relay0_OFF), (28 bytes).
    Removing relay.o(i.Relay0_ON), (28 bytes).
    Removing relay.o(i.Relay1_OFF), (28 bytes).
    Removing relay.o(i.Relay1_ON), (28 bytes).
    Removing relay.o(i.Relay2_OFF), (28 bytes).
    Removing relay.o(i.Relay2_ON), (28 bytes).
    Removing relay.o(i.Relay3_OFF), (28 bytes).
    Removing relay.o(i.Relay3_ON), (28 bytes).
    Removing relay.o(i.Relay4_OFF), (28 bytes).
    Removing relay.o(i.Relay4_ON), (28 bytes).
    Removing relay.o(i.Relay5_OFF), (28 bytes).
    Removing relay.o(i.Relay5_ON), (28 bytes).
    Removing relay.o(i.Relay6_OFF), (28 bytes).
    Removing relay.o(i.Relay6_ON), (28 bytes).
    Removing relay.o(i.Relay7_OFF), (28 bytes).
    Removing relay.o(i.Relay7_ON), (28 bytes).

259 unused section(s) (total 10434 bytes) removed from the image.

==============================================================================

Image Symbol Table

    Local Symbols

    Symbol Name                              Value     Ov Type        Size  Object(Section)

    ../clib/microlib/init/entry.s            0x00000000   Number         0  entry11a.o ABSOLUTE
    ../clib/microlib/init/entry.s            0x00000000   Number         0  entry10b.o ABSOLUTE
    ../clib/microlib/init/entry.s            0x00000000   Number         0  entry7b.o ABSOLUTE
    ../clib/microlib/init/entry.s            0x00000000   Number         0  entry10a.o ABSOLUTE
    ../clib/microlib/init/entry.s            0x00000000   Number         0  entry9b.o ABSOLUTE
    ../clib/microlib/init/entry.s            0x00000000   Number         0  entry8a.o ABSOLUTE
    ../clib/microlib/init/entry.s            0x00000000   Number         0  entry8b.o ABSOLUTE
    ../clib/microlib/init/entry.s            0x00000000   Number         0  entry9a.o ABSOLUTE
    ../clib/microlib/init/entry.s            0x00000000   Number         0  entry.o ABSOLUTE
    ../clib/microlib/init/entry.s            0x00000000   Number         0  entry2.o ABSOLUTE
    ../clib/microlib/init/entry.s            0x00000000   Number         0  entry11b.o ABSOLUTE
    ../clib/microlib/init/entry.s            0x00000000   Number         0  entry5.o ABSOLUTE
    ../clib/microlib/init/entry.s            0x00000000   Number         0  entry7a.o ABSOLUTE
    ../clib/microlib/stubs.s                 0x00000000   Number         0  useno.o ABSOLUTE
    ..\APP\74HC595\HC595.c                   0x00000000   Number         0  hc595.o ABSOLUTE
    ..\APP\DIO\DIO.c                         0x00000000   Number         0  dio.o ABSOLUTE
    ..\APP\Delay\delay.c                     0x00000000   Number         0  delay.o ABSOLUTE
    ..\APP\Flash\flash.c                     0x00000000   Number         0  flash.o ABSOLUTE
    ..\APP\Relay\relay.c                     0x00000000   Number         0  relay.o ABSOLUTE
    ..\APP\Usart\usart.c                     0x00000000   Number         0  usart.o ABSOLUTE
    ..\APP\WDG\wdg.c                         0x00000000   Number         0  wdg.o ABSOLUTE
    ..\APP\XC_Config\XC_Config.c             0x00000000   Number         0  xc_config.o ABSOLUTE
    ..\APP\modbus\MODBUS.c                   0x00000000   Number         0  modbus.o ABSOLUTE
    ..\APP\modbus\MODBUS_CRC.c               0x00000000   Number         0  modbus_crc.o ABSOLUTE
    ..\APP\modbus\MODBUS_HOST.c              0x00000000   Number         0  modbus_host.o ABSOLUTE
    ..\APP\modbus\MyMap.c                    0x00000000   Number         0  mymap.o ABSOLUTE
    ..\APP\modbus\RESISTER.c                 0x00000000   Number         0  resister.o ABSOLUTE
    ..\CM3\core_cm3.c                        0x00000000   Number         0  core_cm3.o ABSOLUTE
    ..\CM3\system_stm32f10x.c                0x00000000   Number         0  system_stm32f10x.o ABSOLUTE
    ..\FWlib\SRC\misc.c                      0x00000000   Number         0  misc.o ABSOLUTE
    ..\FWlib\SRC\stm32f10x_dma.c             0x00000000   Number         0  stm32f10x_dma.o ABSOLUTE
    ..\FWlib\SRC\stm32f10x_exti.c            0x00000000   Number         0  stm32f10x_exti.o ABSOLUTE
    ..\FWlib\SRC\stm32f10x_flash.c           0x00000000   Number         0  stm32f10x_flash.o ABSOLUTE
    ..\FWlib\SRC\stm32f10x_gpio.c            0x00000000   Number         0  stm32f10x_gpio.o ABSOLUTE
    ..\FWlib\SRC\stm32f10x_iwdg.c            0x00000000   Number         0  stm32f10x_iwdg.o ABSOLUTE
    ..\FWlib\SRC\stm32f10x_pwr.c             0x00000000   Number         0  stm32f10x_pwr.o ABSOLUTE
    ..\FWlib\SRC\stm32f10x_rcc.c             0x00000000   Number         0  stm32f10x_rcc.o ABSOLUTE
    ..\FWlib\SRC\stm32f10x_spi.c             0x00000000   Number         0  stm32f10x_spi.o ABSOLUTE
    ..\FWlib\SRC\stm32f10x_tim.c             0x00000000   Number         0  stm32f10x_tim.o ABSOLUTE
    ..\FWlib\SRC\stm32f10x_usart.c           0x00000000   Number         0  stm32f10x_usart.o ABSOLUTE
    ..\\CM3\\core_cm3.c                      0x00000000   Number         0  core_cm3.o ABSOLUTE
    ..\startup\startup_stm32f10x_hd.s        0x00000000   Number         0  startup_stm32f10x_hd.o ABSOLUTE
    ..\user\main.c                           0x00000000   Number         0  main.o ABSOLUTE
    ..\user\stm32f10x_it.c                   0x00000000   Number         0  stm32f10x_it.o ABSOLUTE
    QueueByte.c                              0x00000000   Number         0  queuebyte.o ABSOLUTE
    dc.s                                     0x00000000   Number         0  dc.o ABSOLUTE
    handlers.s                               0x00000000   Number         0  handlers.o ABSOLUTE
    init.s                                   0x00000000   Number         0  init.o ABSOLUTE
    RESET                                    0x08000000   Section      304  startup_stm32f10x_hd.o(RESET)
    .ARM.Collect$$$$00000000                 0x08000130   Section        0  entry.o(.ARM.Collect$$$$00000000)
    .ARM.Collect$$$$00000001                 0x08000130   Section        4  entry2.o(.ARM.Collect$$$$00000001)
    .ARM.Collect$$$$00000004                 0x08000134   Section        4  entry5.o(.ARM.Collect$$$$00000004)
    .ARM.Collect$$$$00000008                 0x08000138   Section        0  entry7b.o(.ARM.Collect$$$$00000008)
    .ARM.Collect$$$$0000000A                 0x08000138   Section        0  entry8b.o(.ARM.Collect$$$$0000000A)
    .ARM.Collect$$$$0000000B                 0x08000138   Section        8  entry9a.o(.ARM.Collect$$$$0000000B)
    .ARM.Collect$$$$0000000D                 0x08000140   Section        0  entry10a.o(.ARM.Collect$$$$0000000D)
    .ARM.Collect$$$$0000000F                 0x08000140   Section        0  entry11a.o(.ARM.Collect$$$$0000000F)
    .ARM.Collect$$$$00002712                 0x08000140   Section        4  entry2.o(.ARM.Collect$$$$00002712)
    __lit__00000000                          0x08000140   Data           4  entry2.o(.ARM.Collect$$$$00002712)
    .text                                    0x08000144   Section       36  startup_stm32f10x_hd.o(.text)
    .text                                    0x08000168   Section       36  init.o(.text)
    i.ACU_Init                               0x0800018c   Section        0  main.o(i.ACU_Init)
    i.AllRelayControl                        0x080001b8   Section        0  relay.o(i.AllRelayControl)
    i.Begin_send                             0x080001d4   Section        0  modbus.o(i.Begin_send)
    i.Begin_send_Upload                      0x080001f4   Section        0  modbus.o(i.Begin_send_Upload)
    i.Delay_Init                             0x0800020c   Section        0  delay.o(i.Delay_Init)
    i.FLASH_ClearFlag                        0x0800024c   Section        0  stm32f10x_flash.o(i.FLASH_ClearFlag)
    i.FLASH_ErasePage                        0x08000258   Section        0  stm32f10x_flash.o(i.FLASH_ErasePage)
    i.FLASH_GetBank1Status                   0x080002a4   Section        0  stm32f10x_flash.o(i.FLASH_GetBank1Status)
    i.FLASH_Lock                             0x080002d8   Section        0  stm32f10x_flash.o(i.FLASH_Lock)
    i.FLASH_ProgramHalfWord                  0x080002ec   Section        0  stm32f10x_flash.o(i.FLASH_ProgramHalfWord)
    i.FLASH_Unlock                           0x0800032c   Section        0  stm32f10x_flash.o(i.FLASH_Unlock)
    i.FLASH_WaitForLastOperation             0x08000344   Section        0  stm32f10x_flash.o(i.FLASH_WaitForLastOperation)
    i.GPIO_Init                              0x0800036a   Section        0  stm32f10x_gpio.o(i.GPIO_Init)
    i.GPIO_PinRemapConfig                    0x08000480   Section        0  stm32f10x_gpio.o(i.GPIO_PinRemapConfig)
    i.GPIO_ResetBits                         0x08000510   Section        0  stm32f10x_gpio.o(i.GPIO_ResetBits)
    i.GPIO_SetBits                           0x08000514   Section        0  stm32f10x_gpio.o(i.GPIO_SetBits)
    i.GetByteFromQueue                       0x08000518   Section        0  queuebyte.o(i.GetByteFromQueue)
    i.GetDataFromSensor                      0x08000548   Section        0  modbus_host.o(i.GetDataFromSensor)
    i.GetInputData                           0x08000690   Section        0  dio.o(i.GetInputData)
    i.HC595_Init                             0x080006a0   Section        0  hc595.o(i.HC595_Init)
    i.HardFault_Handler                      0x080006d4   Section        0  stm32f10x_it.o(i.HardFault_Handler)
    i.IWDG_Enable                            0x080006d8   Section        0  stm32f10x_iwdg.o(i.IWDG_Enable)
    i.IWDG_Feed                              0x080006e8   Section        0  wdg.o(i.IWDG_Feed)
    i.IWDG_Init                              0x080006f0   Section        0  wdg.o(i.IWDG_Init)
    i.IWDG_ReloadCounter                     0x08000714   Section        0  stm32f10x_iwdg.o(i.IWDG_ReloadCounter)
    i.IWDG_SetPrescaler                      0x08000724   Section        0  stm32f10x_iwdg.o(i.IWDG_SetPrescaler)
    i.IWDG_SetReload                         0x08000730   Section        0  stm32f10x_iwdg.o(i.IWDG_SetReload)
    i.IWDG_WriteAccessCmd                    0x0800073c   Section        0  stm32f10x_iwdg.o(i.IWDG_WriteAccessCmd)
    i.InitProg_485                           0x08000748   Section        0  modbus.o(i.InitProg_485)
    i.Input_Init                             0x080007d0   Section        0  dio.o(i.Input_Init)
    i.LED_HC595_Init                         0x0800081c   Section        0  hc595.o(i.LED_HC595_Init)
    i.LED_WR_595_28bits_YAO                  0x08000850   Section        0  hc595.o(i.LED_WR_595_28bits_YAO)
    i.NVIC_Configuration                     0x08000900   Section        0  xc_config.o(i.NVIC_Configuration)
    i.NVIC_Init                              0x08000984   Section        0  misc.o(i.NVIC_Init)
    i.NVIC_PriorityGroupConfig               0x080009f4   Section        0  misc.o(i.NVIC_PriorityGroupConfig)
    i.PutByteInQueue                         0x08000a08   Section        0  queuebyte.o(i.PutByteInQueue)
    i.Queue_byteCount                        0x08000a34   Section        0  queuebyte.o(i.Queue_byteCount)
    i.RCC_APB1PeriphClockCmd                 0x08000a60   Section        0  stm32f10x_rcc.o(i.RCC_APB1PeriphClockCmd)
    i.RCC_APB1PeriphResetCmd                 0x08000a80   Section        0  stm32f10x_rcc.o(i.RCC_APB1PeriphResetCmd)
    i.RCC_APB2PeriphClockCmd                 0x08000aa0   Section        0  stm32f10x_rcc.o(i.RCC_APB2PeriphClockCmd)
    i.RCC_APB2PeriphResetCmd                 0x08000ac0   Section        0  stm32f10x_rcc.o(i.RCC_APB2PeriphResetCmd)
    i.RCC_GetClocksFreq                      0x08000ae0   Section        0  stm32f10x_rcc.o(i.RCC_GetClocksFreq)
    i.ReadDataFromFlash                      0x08000bb4   Section        0  flash.o(i.ReadDataFromFlash)
    i.RegisterMap_ReadData                   0x08000c60   Section        0  resister.o(i.RegisterMap_ReadData)
    i.RegisterMap_WriteData                  0x08000cf8   Section        0  resister.o(i.RegisterMap_WriteData)
    i.RelayAndLedUpdate                      0x08000dc0   Section        0  relay.o(i.RelayAndLedUpdate)
    i.RelayInit                              0x08000e1c   Section        0  relay.o(i.RelayInit)
    i.SendCMD03toSensor                      0x08000e60   Section        0  modbus_host.o(i.SendCMD03toSensor)
    i.SendDataToExternRS485                  0x08000f10   Section        0  stm32f10x_it.o(i.SendDataToExternRS485)
    i.SetSysClock                            0x08000f88   Section        0  system_stm32f10x.o(i.SetSysClock)
    SetSysClock                              0x08000f89   Thumb Code     8  system_stm32f10x.o(i.SetSysClock)
    i.SetSysClockTo72                        0x08000f90   Section        0  system_stm32f10x.o(i.SetSysClockTo72)
    SetSysClockTo72                          0x08000f91   Thumb Code   214  system_stm32f10x.o(i.SetSysClockTo72)
    i.SingleRelayControl                     0x08001070   Section        0  relay.o(i.SingleRelayControl)
    i.SystemInit                             0x080014d0   Section        0  system_stm32f10x.o(i.SystemInit)
    i.SystemStateDisplay                     0x08001530   Section        0  dio.o(i.SystemStateDisplay)
    i.TIM2_Configuration                     0x080015a4   Section        0  delay.o(i.TIM2_Configuration)
    i.TIM2_IRQHandler                        0x08001604   Section        0  stm32f10x_it.o(i.TIM2_IRQHandler)
    i.TIM_ClearFlag                          0x08001694   Section        0  stm32f10x_tim.o(i.TIM_ClearFlag)
    i.TIM_ClearITPendingBit                  0x0800169a   Section        0  stm32f10x_tim.o(i.TIM_ClearITPendingBit)
    i.TIM_Cmd                                0x080016a0   Section        0  stm32f10x_tim.o(i.TIM_Cmd)
    i.TIM_DeInit                             0x080016b8   Section        0  stm32f10x_tim.o(i.TIM_DeInit)
    i.TIM_ITConfig                           0x080018a0   Section        0  stm32f10x_tim.o(i.TIM_ITConfig)
    i.TIM_TimeBaseInit                       0x080018b4   Section        0  stm32f10x_tim.o(i.TIM_TimeBaseInit)
    i.UART4_Config                           0x08001958   Section        0  usart.o(i.UART4_Config)
    i.UART4_IRQHandler                       0x080019fc   Section        0  stm32f10x_it.o(i.UART4_IRQHandler)
    i.USART1_Config                          0x08001a38   Section        0  usart.o(i.USART1_Config)
    i.USART1_IRQHandler                      0x08001ac8   Section        0  stm32f10x_it.o(i.USART1_IRQHandler)
    i.USART2_Config                          0x08001b28   Section        0  usart.o(i.USART2_Config)
    i.USART2_IRQHandler                      0x08001bc0   Section        0  stm32f10x_it.o(i.USART2_IRQHandler)
    i.USART_ClearFlag                        0x08001bf4   Section        0  stm32f10x_usart.o(i.USART_ClearFlag)
    i.USART_ClearITPendingBit                0x08001c06   Section        0  stm32f10x_usart.o(i.USART_ClearITPendingBit)
    i.USART_Cmd                              0x08001c24   Section        0  stm32f10x_usart.o(i.USART_Cmd)
    i.USART_GetFlagStatus                    0x08001c3c   Section        0  stm32f10x_usart.o(i.USART_GetFlagStatus)
    i.USART_GetITStatus                      0x08001c56   Section        0  stm32f10x_usart.o(i.USART_GetITStatus)
    i.USART_ITConfig                         0x08001caa   Section        0  stm32f10x_usart.o(i.USART_ITConfig)
    i.USART_Init                             0x08001cf4   Section        0  stm32f10x_usart.o(i.USART_Init)
    i.USART_ReceiveData                      0x08001dcc   Section        0  stm32f10x_usart.o(i.USART_ReceiveData)
    i.USART_SendData                         0x08001dd6   Section        0  stm32f10x_usart.o(i.USART_SendData)
    i.UpHead                                 0x08001dde   Section        0  queuebyte.o(i.UpHead)
    i.UpLoadData                             0x08001df8   Section        0  modbus.o(i.UpLoadData)
    i.UpTail                                 0x08001ee0   Section        0  queuebyte.o(i.UpTail)
    i.WR_595_8bits                           0x08001ef8   Section        0  hc595.o(i.WR_595_8bits)
    i.WriteDataToFlash                       0x08001fa8   Section        0  flash.o(i.WriteDataToFlash)
    i.__scatterload_copy                     0x08002048   Section       14  handlers.o(i.__scatterload_copy)
    i.__scatterload_null                     0x08002056   Section        2  handlers.o(i.__scatterload_null)
    i.__scatterload_zeroinit                 0x08002058   Section       14  handlers.o(i.__scatterload_zeroinit)
    i.checkComm0Modbus                       0x08002068   Section        0  modbus.o(i.checkComm0Modbus)
    i.crc16                                  0x08002340   Section        0  modbus_crc.o(i.crc16)
    i.delay_ms                               0x08002378   Section        0  delay.o(i.delay_ms)
    i.forceMultipleCoils                     0x080023b4   Section        0  modbus.o(i.forceMultipleCoils)
    i.forceSingleCoil                        0x0800249c   Section        0  modbus.o(i.forceSingleCoil)
    i.getCoilVal                             0x0800250c   Section        0  resister.o(i.getCoilVal)
    i.getRegisterVal                         0x08002600   Section        0  resister.o(i.getRegisterVal)
    i.main                                   0x0800261c   Section        0  main.o(i.main)
    i.presetMultipleRegisters                0x08002740   Section        0  modbus.o(i.presetMultipleRegisters)
    i.presetSingleRegister                   0x080027fc   Section        0  modbus.o(i.presetSingleRegister)
    i.readCoils                              0x08002898   Section        0  modbus.o(i.readCoils)
    i.readInPutCoils                         0x0800299c   Section        0  modbus.o(i.readInPutCoils)
    i.readInPutRegisters                     0x08002a9c   Section        0  modbus.o(i.readInPutRegisters)
    i.readRegisters                          0x08002b48   Section        0  modbus.o(i.readRegisters)
    i.setCoilVal                             0x08002c08   Section        0  resister.o(i.setCoilVal)
    i.uart1sends                             0x08002c28   Section        0  modbus.o(i.uart1sends)
    i.uart2sends                             0x08002c58   Section        0  modbus_host.o(i.uart2sends)
    .constdata                               0x08002c88   Section      512  modbus_crc.o(.constdata)
    .constdata                               0x08002e88   Section     1704  resister.o(.constdata)
    .data                                    0x20000000   Section       12  main.o(.data)
    .data                                    0x2000000c   Section        3  stm32f10x_it.o(.data)
    .data                                    0x2000000f   Section       20  stm32f10x_rcc.o(.data)
    APBAHBPrescTable                         0x2000000f   Data          16  stm32f10x_rcc.o(.data)
    ADCPrescTable                            0x2000001f   Data           4  stm32f10x_rcc.o(.data)
    .data                                    0x20000024   Section        4  delay.o(.data)
    fac_us                                   0x20000024   Data           1  delay.o(.data)
    fac_ms                                   0x20000026   Data           2  delay.o(.data)
    .data                                    0x20000028   Section       45  modbus.o(.data)
    .data                                    0x20000058   Section      132  resister.o(.data)
    .data                                    0x200000dc   Section       20  modbus_host.o(.data)
    .data                                    0x200000f0   Section        2  dio.o(.data)
    .data                                    0x200000f2   Section        5  relay.o(.data)
    FourData_MiddleData                      0x200000f3   Data           4  relay.o(.data)
    .bss                                     0x200000f8   Section      256  main.o(.bss)
    .bss                                     0x200001f8   Section       67  stm32f10x_it.o(.bss)
    .bss                                     0x2000023b   Section      480  modbus.o(.bss)
    .bss                                     0x2000041c   Section     3440  resister.o(.bss)
    .bss                                     0x2000118c   Section      100  modbus_host.o(.bss)
    STACK                                    0x200011f0   Section     1024  startup_stm32f10x_hd.o(STACK)

    Global Symbols

    Symbol Name                              Value     Ov Type        Size  Object(Section)

    BuildAttributes$$THM_ISAv4$P$D$K$B$S$PE$A:L22UL41UL21$X:L11$S22US41US21$IEEE1$IW$USESV6$~STKCKD$USESV7$~SHL$OSPACE$EBA8$MICROLIB$REQ8$PRES8$EABIv2 0x00000000   Number         0  anon$$obj.o ABSOLUTE
    __ARM_use_no_argv                        0x00000000   Number         0  main.o ABSOLUTE
    __use_no_errno                           0x00000000   Number         0  useno.o ABSOLUTE
    __use_no_exception_handling              0x00000000   Number         0  useno.o ABSOLUTE
    __use_no_fp                              0x00000000   Number         0  useno.o ABSOLUTE
    __use_no_heap                            0x00000000   Number         0  useno.o ABSOLUTE
    __use_no_heap_region                     0x00000000   Number         0  useno.o ABSOLUTE
    __use_no_semihosting                     0x00000000   Number         0  useno.o ABSOLUTE
    __use_no_semihosting_swi                 0x00000000   Number         0  useno.o ABSOLUTE
    __use_no_signal_handling                 0x00000000   Number         0  useno.o ABSOLUTE
    __cpp_initialize__aeabi_                  - Undefined Weak Reference
    __cxa_finalize                            - Undefined Weak Reference
    __decompress                              - Undefined Weak Reference
    _clock_init                               - Undefined Weak Reference
    _microlib_exit                            - Undefined Weak Reference
    __Vectors_Size                           0x00000130   Number         0  startup_stm32f10x_hd.o ABSOLUTE
    __Vectors                                0x08000000   Data           4  startup_stm32f10x_hd.o(RESET)
    __Vectors_End                            0x08000130   Data           0  startup_stm32f10x_hd.o(RESET)
    __main                                   0x08000131   Thumb Code     0  entry.o(.ARM.Collect$$$$00000000)
    _main_stk                                0x08000131   Thumb Code     0  entry2.o(.ARM.Collect$$$$00000001)
    _main_scatterload                        0x08000135   Thumb Code     0  entry5.o(.ARM.Collect$$$$00000004)
    __main_after_scatterload                 0x08000139   Thumb Code     0  entry5.o(.ARM.Collect$$$$00000004)
    _main_clock                              0x08000139   Thumb Code     0  entry7b.o(.ARM.Collect$$$$00000008)
    _main_cpp_init                           0x08000139   Thumb Code     0  entry8b.o(.ARM.Collect$$$$0000000A)
    _main_init                               0x08000139   Thumb Code     0  entry9a.o(.ARM.Collect$$$$0000000B)
    __rt_final_cpp                           0x08000141   Thumb Code     0  entry10a.o(.ARM.Collect$$$$0000000D)
    __rt_final_exit                          0x08000141   Thumb Code     0  entry11a.o(.ARM.Collect$$$$0000000F)
    Reset_Handler                            0x08000145   Thumb Code     8  startup_stm32f10x_hd.o(.text)
    NMI_Handler                              0x0800014d   Thumb Code     2  startup_stm32f10x_hd.o(.text)
    MemManage_Handler                        0x08000151   Thumb Code     2  startup_stm32f10x_hd.o(.text)
    BusFault_Handler                         0x08000153   Thumb Code     2  startup_stm32f10x_hd.o(.text)
    UsageFault_Handler                       0x08000155   Thumb Code     2  startup_stm32f10x_hd.o(.text)
    SVC_Handler                              0x08000157   Thumb Code     2  startup_stm32f10x_hd.o(.text)
    DebugMon_Handler                         0x08000159   Thumb Code     2  startup_stm32f10x_hd.o(.text)
    PendSV_Handler                           0x0800015b   Thumb Code     2  startup_stm32f10x_hd.o(.text)
    SysTick_Handler                          0x0800015d   Thumb Code     2  startup_stm32f10x_hd.o(.text)
    ADC1_2_IRQHandler                        0x0800015f   Thumb Code     0  startup_stm32f10x_hd.o(.text)
    ADC3_IRQHandler                          0x0800015f   Thumb Code     0  startup_stm32f10x_hd.o(.text)
    CAN1_RX1_IRQHandler                      0x0800015f   Thumb Code     0  startup_stm32f10x_hd.o(.text)
    CAN1_SCE_IRQHandler                      0x0800015f   Thumb Code     0  startup_stm32f10x_hd.o(.text)
    DMA1_Channel1_IRQHandler                 0x0800015f   Thumb Code     0  startup_stm32f10x_hd.o(.text)
    DMA1_Channel2_IRQHandler                 0x0800015f   Thumb Code     0  startup_stm32f10x_hd.o(.text)
    DMA1_Channel3_IRQHandler                 0x0800015f   Thumb Code     0  startup_stm32f10x_hd.o(.text)
    DMA1_Channel4_IRQHandler                 0x0800015f   Thumb Code     0  startup_stm32f10x_hd.o(.text)
    DMA1_Channel5_IRQHandler                 0x0800015f   Thumb Code     0  startup_stm32f10x_hd.o(.text)
    DMA1_Channel6_IRQHandler                 0x0800015f   Thumb Code     0  startup_stm32f10x_hd.o(.text)
    DMA1_Channel7_IRQHandler                 0x0800015f   Thumb Code     0  startup_stm32f10x_hd.o(.text)
    DMA2_Channel1_IRQHandler                 0x0800015f   Thumb Code     0  startup_stm32f10x_hd.o(.text)
    DMA2_Channel2_IRQHandler                 0x0800015f   Thumb Code     0  startup_stm32f10x_hd.o(.text)
    DMA2_Channel3_IRQHandler                 0x0800015f   Thumb Code     0  startup_stm32f10x_hd.o(.text)
    DMA2_Channel4_5_IRQHandler               0x0800015f   Thumb Code     0  startup_stm32f10x_hd.o(.text)
    EXTI0_IRQHandler                         0x0800015f   Thumb Code     0  startup_stm32f10x_hd.o(.text)
    EXTI15_10_IRQHandler                     0x0800015f   Thumb Code     0  startup_stm32f10x_hd.o(.text)
    EXTI1_IRQHandler                         0x0800015f   Thumb Code     0  startup_stm32f10x_hd.o(.text)
    EXTI2_IRQHandler                         0x0800015f   Thumb Code     0  startup_stm32f10x_hd.o(.text)
    EXTI3_IRQHandler                         0x0800015f   Thumb Code     0  startup_stm32f10x_hd.o(.text)
    EXTI4_IRQHandler                         0x0800015f   Thumb Code     0  startup_stm32f10x_hd.o(.text)
    EXTI9_5_IRQHandler                       0x0800015f   Thumb Code     0  startup_stm32f10x_hd.o(.text)
    FLASH_IRQHandler                         0x0800015f   Thumb Code     0  startup_stm32f10x_hd.o(.text)
    FSMC_IRQHandler                          0x0800015f   Thumb Code     0  startup_stm32f10x_hd.o(.text)
    I2C1_ER_IRQHandler                       0x0800015f   Thumb Code     0  startup_stm32f10x_hd.o(.text)
    I2C1_EV_IRQHandler                       0x0800015f   Thumb Code     0  startup_stm32f10x_hd.o(.text)
    I2C2_ER_IRQHandler                       0x0800015f   Thumb Code     0  startup_stm32f10x_hd.o(.text)
    I2C2_EV_IRQHandler                       0x0800015f   Thumb Code     0  startup_stm32f10x_hd.o(.text)
    PVD_IRQHandler                           0x0800015f   Thumb Code     0  startup_stm32f10x_hd.o(.text)
    RCC_IRQHandler                           0x0800015f   Thumb Code     0  startup_stm32f10x_hd.o(.text)
    RTCAlarm_IRQHandler                      0x0800015f   Thumb Code     0  startup_stm32f10x_hd.o(.text)
    RTC_IRQHandler                           0x0800015f   Thumb Code     0  startup_stm32f10x_hd.o(.text)
    SDIO_IRQHandler                          0x0800015f   Thumb Code     0  startup_stm32f10x_hd.o(.text)
    SPI1_IRQHandler                          0x0800015f   Thumb Code     0  startup_stm32f10x_hd.o(.text)
    SPI2_IRQHandler                          0x0800015f   Thumb Code     0  startup_stm32f10x_hd.o(.text)
    SPI3_IRQHandler                          0x0800015f   Thumb Code     0  startup_stm32f10x_hd.o(.text)
    TAMPER_IRQHandler                        0x0800015f   Thumb Code     0  startup_stm32f10x_hd.o(.text)
    TIM1_BRK_IRQHandler                      0x0800015f   Thumb Code     0  startup_stm32f10x_hd.o(.text)
    TIM1_CC_IRQHandler                       0x0800015f   Thumb Code     0  startup_stm32f10x_hd.o(.text)
    TIM1_TRG_COM_IRQHandler                  0x0800015f   Thumb Code     0  startup_stm32f10x_hd.o(.text)
    TIM1_UP_IRQHandler                       0x0800015f   Thumb Code     0  startup_stm32f10x_hd.o(.text)
    TIM3_IRQHandler                          0x0800015f   Thumb Code     0  startup_stm32f10x_hd.o(.text)
    TIM4_IRQHandler                          0x0800015f   Thumb Code     0  startup_stm32f10x_hd.o(.text)
    TIM5_IRQHandler                          0x0800015f   Thumb Code     0  startup_stm32f10x_hd.o(.text)
    TIM6_IRQHandler                          0x0800015f   Thumb Code     0  startup_stm32f10x_hd.o(.text)
    TIM7_IRQHandler                          0x0800015f   Thumb Code     0  startup_stm32f10x_hd.o(.text)
    TIM8_BRK_IRQHandler                      0x0800015f   Thumb Code     0  startup_stm32f10x_hd.o(.text)
    TIM8_CC_IRQHandler                       0x0800015f   Thumb Code     0  startup_stm32f10x_hd.o(.text)
    TIM8_TRG_COM_IRQHandler                  0x0800015f   Thumb Code     0  startup_stm32f10x_hd.o(.text)
    TIM8_UP_IRQHandler                       0x0800015f   Thumb Code     0  startup_stm32f10x_hd.o(.text)
    UART5_IRQHandler                         0x0800015f   Thumb Code     0  startup_stm32f10x_hd.o(.text)
    USART3_IRQHandler                        0x0800015f   Thumb Code     0  startup_stm32f10x_hd.o(.text)
    USBWakeUp_IRQHandler                     0x0800015f   Thumb Code     0  startup_stm32f10x_hd.o(.text)
    USB_HP_CAN1_TX_IRQHandler                0x0800015f   Thumb Code     0  startup_stm32f10x_hd.o(.text)
    USB_LP_CAN1_RX0_IRQHandler               0x0800015f   Thumb Code     0  startup_stm32f10x_hd.o(.text)
    WWDG_IRQHandler                          0x0800015f   Thumb Code     0  startup_stm32f10x_hd.o(.text)
    __scatterload                            0x08000169   Thumb Code    28  init.o(.text)
    __scatterload_rt2                        0x08000169   Thumb Code     0  init.o(.text)
    ACU_Init                                 0x0800018d   Thumb Code    40  main.o(i.ACU_Init)
    AllRelayControl                          0x080001b9   Thumb Code    26  relay.o(i.AllRelayControl)
    Begin_send                               0x080001d5   Thumb Code    20  modbus.o(i.Begin_send)
    Begin_send_Upload                        0x080001f5   Thumb Code    14  modbus.o(i.Begin_send_Upload)
    Delay_Init                               0x0800020d   Thumb Code    56  delay.o(i.Delay_Init)
    FLASH_ClearFlag                          0x0800024d   Thumb Code     6  stm32f10x_flash.o(i.FLASH_ClearFlag)
    FLASH_ErasePage                          0x08000259   Thumb Code    72  stm32f10x_flash.o(i.FLASH_ErasePage)
    FLASH_GetBank1Status                     0x080002a5   Thumb Code    48  stm32f10x_flash.o(i.FLASH_GetBank1Status)
    FLASH_Lock                               0x080002d9   Thumb Code    14  stm32f10x_flash.o(i.FLASH_Lock)
    FLASH_ProgramHalfWord                    0x080002ed   Thumb Code    60  stm32f10x_flash.o(i.FLASH_ProgramHalfWord)
    FLASH_Unlock                             0x0800032d   Thumb Code    12  stm32f10x_flash.o(i.FLASH_Unlock)
    FLASH_WaitForLastOperation               0x08000345   Thumb Code    38  stm32f10x_flash.o(i.FLASH_WaitForLastOperation)
    GPIO_Init                                0x0800036b   Thumb Code   278  stm32f10x_gpio.o(i.GPIO_Init)
    GPIO_PinRemapConfig                      0x08000481   Thumb Code   138  stm32f10x_gpio.o(i.GPIO_PinRemapConfig)
    GPIO_ResetBits                           0x08000511   Thumb Code     4  stm32f10x_gpio.o(i.GPIO_ResetBits)
    GPIO_SetBits                             0x08000515   Thumb Code     4  stm32f10x_gpio.o(i.GPIO_SetBits)
    GetByteFromQueue                         0x08000519   Thumb Code    48  queuebyte.o(i.GetByteFromQueue)
    GetDataFromSensor                        0x08000549   Thumb Code   272  modbus_host.o(i.GetDataFromSensor)
    GetInputData                             0x08000691   Thumb Code    12  dio.o(i.GetInputData)
    HC595_Init                               0x080006a1   Thumb Code    46  hc595.o(i.HC595_Init)
    HardFault_Handler                        0x080006d5   Thumb Code     4  stm32f10x_it.o(i.HardFault_Handler)
    IWDG_Enable                              0x080006d9   Thumb Code    10  stm32f10x_iwdg.o(i.IWDG_Enable)
    IWDG_Feed                                0x080006e9   Thumb Code     8  wdg.o(i.IWDG_Feed)
    IWDG_Init                                0x080006f1   Thumb Code    36  wdg.o(i.IWDG_Init)
    IWDG_ReloadCounter                       0x08000715   Thumb Code    10  stm32f10x_iwdg.o(i.IWDG_ReloadCounter)
    IWDG_SetPrescaler                        0x08000725   Thumb Code     6  stm32f10x_iwdg.o(i.IWDG_SetPrescaler)
    IWDG_SetReload                           0x08000731   Thumb Code     6  stm32f10x_iwdg.o(i.IWDG_SetReload)
    IWDG_WriteAccessCmd                      0x0800073d   Thumb Code     6  stm32f10x_iwdg.o(i.IWDG_WriteAccessCmd)
    InitProg_485                             0x08000749   Thumb Code   120  modbus.o(i.InitProg_485)
    Input_Init                               0x080007d1   Thumb Code    64  dio.o(i.Input_Init)
    LED_HC595_Init                           0x0800081d   Thumb Code    46  hc595.o(i.LED_HC595_Init)
    LED_WR_595_28bits_YAO                    0x08000851   Thumb Code   172  hc595.o(i.LED_WR_595_28bits_YAO)
    NVIC_Configuration                       0x08000901   Thumb Code   132  xc_config.o(i.NVIC_Configuration)
    NVIC_Init                                0x08000985   Thumb Code   100  misc.o(i.NVIC_Init)
    NVIC_PriorityGroupConfig                 0x080009f5   Thumb Code    10  misc.o(i.NVIC_PriorityGroupConfig)
    PutByteInQueue                           0x08000a09   Thumb Code    44  queuebyte.o(i.PutByteInQueue)
    Queue_byteCount                          0x08000a35   Thumb Code    44  queuebyte.o(i.Queue_byteCount)
    RCC_APB1PeriphClockCmd                   0x08000a61   Thumb Code    26  stm32f10x_rcc.o(i.RCC_APB1PeriphClockCmd)
    RCC_APB1PeriphResetCmd                   0x08000a81   Thumb Code    26  stm32f10x_rcc.o(i.RCC_APB1PeriphResetCmd)
    RCC_APB2PeriphClockCmd                   0x08000aa1   Thumb Code    26  stm32f10x_rcc.o(i.RCC_APB2PeriphClockCmd)
    RCC_APB2PeriphResetCmd                   0x08000ac1   Thumb Code    26  stm32f10x_rcc.o(i.RCC_APB2PeriphResetCmd)
    RCC_GetClocksFreq                        0x08000ae1   Thumb Code   192  stm32f10x_rcc.o(i.RCC_GetClocksFreq)
    ReadDataFromFlash                        0x08000bb5   Thumb Code   162  flash.o(i.ReadDataFromFlash)
    RegisterMap_ReadData                     0x08000c61   Thumb Code   136  resister.o(i.RegisterMap_ReadData)
    RegisterMap_WriteData                    0x08000cf9   Thumb Code   180  resister.o(i.RegisterMap_WriteData)
    RelayAndLedUpdate                        0x08000dc1   Thumb Code    92  relay.o(i.RelayAndLedUpdate)
    RelayInit                                0x08000e1d   Thumb Code    60  relay.o(i.RelayInit)
    SendCMD03toSensor                        0x08000e61   Thumb Code   146  modbus_host.o(i.SendCMD03toSensor)
    SendDataToExternRS485                    0x08000f11   Thumb Code   100  stm32f10x_it.o(i.SendDataToExternRS485)
    SingleRelayControl                       0x08001071   Thumb Code  1114  relay.o(i.SingleRelayControl)
    SystemInit                               0x080014d1   Thumb Code    78  system_stm32f10x.o(i.SystemInit)
    SystemStateDisplay                       0x08001531   Thumb Code   104  dio.o(i.SystemStateDisplay)
    TIM2_Configuration                       0x080015a5   Thumb Code    96  delay.o(i.TIM2_Configuration)
    TIM2_IRQHandler                          0x08001605   Thumb Code   120  stm32f10x_it.o(i.TIM2_IRQHandler)
    TIM_ClearFlag                            0x08001695   Thumb Code     6  stm32f10x_tim.o(i.TIM_ClearFlag)
    TIM_ClearITPendingBit                    0x0800169b   Thumb Code     6  stm32f10x_tim.o(i.TIM_ClearITPendingBit)
    TIM_Cmd                                  0x080016a1   Thumb Code    24  stm32f10x_tim.o(i.TIM_Cmd)
    TIM_DeInit                               0x080016b9   Thumb Code   424  stm32f10x_tim.o(i.TIM_DeInit)
    TIM_ITConfig                             0x080018a1   Thumb Code    18  stm32f10x_tim.o(i.TIM_ITConfig)
    TIM_TimeBaseInit                         0x080018b5   Thumb Code   122  stm32f10x_tim.o(i.TIM_TimeBaseInit)
    UART4_Config                             0x08001959   Thumb Code   156  usart.o(i.UART4_Config)
    UART4_IRQHandler                         0x080019fd   Thumb Code    46  stm32f10x_it.o(i.UART4_IRQHandler)
    USART1_Config                            0x08001a39   Thumb Code   134  usart.o(i.USART1_Config)
    USART1_IRQHandler                        0x08001ac9   Thumb Code    72  stm32f10x_it.o(i.USART1_IRQHandler)
    USART2_Config                            0x08001b29   Thumb Code   138  usart.o(i.USART2_Config)
    USART2_IRQHandler                        0x08001bc1   Thumb Code    48  stm32f10x_it.o(i.USART2_IRQHandler)
    USART_ClearFlag                          0x08001bf5   Thumb Code    18  stm32f10x_usart.o(i.USART_ClearFlag)
    USART_ClearITPendingBit                  0x08001c07   Thumb Code    30  stm32f10x_usart.o(i.USART_ClearITPendingBit)
    USART_Cmd                                0x08001c25   Thumb Code    24  stm32f10x_usart.o(i.USART_Cmd)
    USART_GetFlagStatus                      0x08001c3d   Thumb Code    26  stm32f10x_usart.o(i.USART_GetFlagStatus)
    USART_GetITStatus                        0x08001c57   Thumb Code    84  stm32f10x_usart.o(i.USART_GetITStatus)
    USART_ITConfig                           0x08001cab   Thumb Code    74  stm32f10x_usart.o(i.USART_ITConfig)
    USART_Init                               0x08001cf5   Thumb Code   210  stm32f10x_usart.o(i.USART_Init)
    USART_ReceiveData                        0x08001dcd   Thumb Code    10  stm32f10x_usart.o(i.USART_ReceiveData)
    USART_SendData                           0x08001dd7   Thumb Code     8  stm32f10x_usart.o(i.USART_SendData)
    UpHead                                   0x08001ddf   Thumb Code    24  queuebyte.o(i.UpHead)
    UpLoadData                               0x08001df9   Thumb Code   218  modbus.o(i.UpLoadData)
    UpTail                                   0x08001ee1   Thumb Code    24  queuebyte.o(i.UpTail)
    WR_595_8bits                             0x08001ef9   Thumb Code   172  hc595.o(i.WR_595_8bits)
    WriteDataToFlash                         0x08001fa9   Thumb Code   156  flash.o(i.WriteDataToFlash)
    __scatterload_copy                       0x08002049   Thumb Code    14  handlers.o(i.__scatterload_copy)
    __scatterload_null                       0x08002057   Thumb Code     2  handlers.o(i.__scatterload_null)
    __scatterload_zeroinit                   0x08002059   Thumb Code    14  handlers.o(i.__scatterload_zeroinit)
    checkComm0Modbus                         0x08002069   Thumb Code   710  modbus.o(i.checkComm0Modbus)
    crc16                                    0x08002341   Thumb Code    48  modbus_crc.o(i.crc16)
    delay_ms                                 0x08002379   Thumb Code    56  delay.o(i.delay_ms)
    forceMultipleCoils                       0x080023b5   Thumb Code   216  modbus.o(i.forceMultipleCoils)
    forceSingleCoil                          0x0800249d   Thumb Code    96  modbus.o(i.forceSingleCoil)
    getCoilVal                               0x0800250d   Thumb Code   192  resister.o(i.getCoilVal)
    getRegisterVal                           0x08002601   Thumb Code    22  resister.o(i.getRegisterVal)
    main                                     0x0800261d   Thumb Code   262  main.o(i.main)
    presetMultipleRegisters                  0x08002741   Thumb Code   170  modbus.o(i.presetMultipleRegisters)
    presetSingleRegister                     0x080027fd   Thumb Code   134  modbus.o(i.presetSingleRegister)
    readCoils                                0x08002899   Thumb Code   240  modbus.o(i.readCoils)
    readInPutCoils                           0x0800299d   Thumb Code   240  modbus.o(i.readInPutCoils)
    readInPutRegisters                       0x08002a9d   Thumb Code   156  modbus.o(i.readInPutRegisters)
    readRegisters                            0x08002b49   Thumb Code   166  modbus.o(i.readRegisters)
    setCoilVal                               0x08002c09   Thumb Code    28  resister.o(i.setCoilVal)
    uart1sends                               0x08002c29   Thumb Code    42  modbus.o(i.uart1sends)
    uart2sends                               0x08002c59   Thumb Code    42  modbus_host.o(i.uart2sends)
    auchCRCHi                                0x08002c88   Data         256  modbus_crc.o(.constdata)
    auchCRCLo                                0x08002d88   Data         256  modbus_crc.o(.constdata)
    Register41000                            0x08002e88   Data         256  resister.o(.constdata)
    Register42000                            0x08002f88   Data         640  resister.o(.constdata)
    Register43000                            0x08003208   Data         776  resister.o(.constdata)
    Register44000                            0x08003510   Data          32  resister.o(.constdata)
    Region$$Table$$Base                      0x08003530   Number         0  anon$$obj.o(Region$$Table)
    Region$$Table$$Limit                     0x08003550   Number         0  anon$$obj.o(Region$$Table)
    timeMs                                   0x20000000   Data           2  main.o(.data)
    timeMs_Uoload                            0x20000002   Data           2  main.o(.data)
    flash_data                               0x20000004   Data           4  main.o(.data)
    Display_LED                              0x20000008   Data           4  main.o(.data)
    SendDataToExternRS485_busy               0x2000000c   Data           1  stm32f10x_it.o(.data)
    Timeout_IWG                              0x2000000d   Data           1  stm32f10x_it.o(.data)
    uart4_temp                               0x2000000e   Data           1  stm32f10x_it.o(.data)
    b                                        0x20000028   Data           2  modbus.o(.data)
    test2                                    0x2000002a   Data           2  modbus.o(.data)
    test3                                    0x2000002c   Data           2  modbus.o(.data)
    test                                     0x2000002e   Data           1  modbus.o(.data)
    LocalAddr                                0x2000002f   Data           1  modbus.o(.data)
    receTimeOut_USART1                       0x20000030   Data           1  modbus.o(.data)
    sendCount                                0x20000031   Data           1  modbus.o(.data)
    receCount_USART1                         0x20000032   Data           1  modbus.o(.data)
    receCount_USART4                         0x20000033   Data           1  modbus.o(.data)
    sendPosi                                 0x20000034   Data           1  modbus.o(.data)
    sendCount_Upload                         0x20000035   Data           1  modbus.o(.data)
    BAUDtable                                0x20000038   Data          28  modbus.o(.data)
    ss                                       0x20000054   Data           1  modbus.o(.data)
    ROdat                                    0x20000058   Data          16  resister.o(.data)
    RWdat                                    0x20000068   Data          16  resister.o(.data)
    System_State                             0x20000078   Data           1  resister.o(.data)
    Relay_State                              0x20000079   Data           1  resister.o(.data)
    InputData                                0x2000007a   Data           2  resister.o(.data)
    SensorLeaveFlag                          0x2000007c   Data           1  resister.o(.data)
    temp0                                    0x20000080   Data           4  resister.o(.data)
    temp1                                    0x20000084   Data           4  resister.o(.data)
    temp2                                    0x20000088   Data           4  resister.o(.data)
    temp3                                    0x2000008c   Data           4  resister.o(.data)
    temp4                                    0x20000090   Data           4  resister.o(.data)
    temp5                                    0x20000094   Data           4  resister.o(.data)
    temp6                                    0x20000098   Data           4  resister.o(.data)
    temp7                                    0x2000009c   Data           4  resister.o(.data)
    adc0                                     0x200000a0   Data           4  resister.o(.data)
    adc1                                     0x200000a4   Data           4  resister.o(.data)
    adc2                                     0x200000a8   Data           4  resister.o(.data)
    adc3                                     0x200000ac   Data           4  resister.o(.data)
    adc4                                     0x200000b0   Data           4  resister.o(.data)
    adc5                                     0x200000b4   Data           4  resister.o(.data)
    adc6                                     0x200000b8   Data           4  resister.o(.data)
    adc7                                     0x200000bc   Data           4  resister.o(.data)
    ROstatus0                                0x200000c0   Data           1  resister.o(.data)
    ROstatus1                                0x200000c1   Data           1  resister.o(.data)
    ROstatus2                                0x200000c2   Data           1  resister.o(.data)
    ROstatus3                                0x200000c3   Data           1  resister.o(.data)
    ROstatus4                                0x200000c4   Data           1  resister.o(.data)
    ROstatus5                                0x200000c5   Data           1  resister.o(.data)
    ROstatus6                                0x200000c6   Data           1  resister.o(.data)
    ROstatus7                                0x200000c7   Data           1  resister.o(.data)
    RWstatus0                                0x200000c8   Data           1  resister.o(.data)
    RWstatus1                                0x200000c9   Data           1  resister.o(.data)
    RWstatus2                                0x200000ca   Data           1  resister.o(.data)
    RWstatus3                                0x200000cb   Data           1  resister.o(.data)
    RWstatus4                                0x200000cc   Data           1  resister.o(.data)
    RWstatus5                                0x200000cd   Data           1  resister.o(.data)
    RWstatus6                                0x200000ce   Data           1  resister.o(.data)
    RWstatus7                                0x200000cf   Data           1  resister.o(.data)
    un_4b                                    0x200000d0   Data           4  resister.o(.data)
    ftemp                                    0x200000d4   Data           4  resister.o(.data)
    ltemp                                    0x200000d8   Data           4  resister.o(.data)
    receCount_HOST                           0x200000dc   Data           1  modbus_host.o(.data)
    recbyteCount                             0x200000de   Data           2  modbus_host.o(.data)
    sensorNum_nowAccess                      0x200000e0   Data           1  modbus_host.o(.data)
    sensorAddress_nowAccess                  0x200000e1   Data           1  modbus_host.o(.data)
    sensorDataNum_nowAccess                  0x200000e2   Data           1  modbus_host.o(.data)
    TimeOutCount_HOST                        0x200000e4   Data           2  modbus_host.o(.data)
    error                                    0x200000e6   Data           2  modbus_host.o(.data)
    a                                        0x200000e8   Data           2  modbus_host.o(.data)
    c                                        0x200000ea   Data           2  modbus_host.o(.data)
    d                                        0x200000ec   Data           2  modbus_host.o(.data)
    e                                        0x200000ee   Data           2  modbus_host.o(.data)
    timeMs_LED                               0x200000f0   Data           2  dio.o(.data)
    RelaySet                                 0x200000f2   Data           1  relay.o(.data)
    LiXian_flag                              0x200000f8   Data         256  main.o(.bss)
    Queue_UART4_Rece                         0x200001f8   Data          67  stm32f10x_it.o(.bss)
    receBuf_USART1                           0x2000023b   Data          50  modbus.o(.bss)
    sendBuf_USART1                           0x2000026d   Data          50  modbus.o(.bss)
    receBuf_USART4                           0x2000029f   Data          50  modbus.o(.bss)
    sendBuf_USART4                           0x200002d1   Data          50  modbus.o(.bss)
    sendBuf_Upload                           0x20000303   Data         280  modbus.o(.bss)
    Device_RWReg_Union                       0x2000041c   Data         860  resister.o(.bss)
    RWReg                                    0x20000778   Data        2580  resister.o(.bss)
    receBuf_HOST                             0x2000118c   Data          50  modbus_host.o(.bss)
    sendBuf_HOST                             0x200011be   Data          50  modbus_host.o(.bss)
    __initial_sp                             0x200015f0   Data           0  startup_stm32f10x_hd.o(STACK)



==============================================================================

Memory Map of the image

  Image Entry point : 0x08000131

  Load Region LR_IROM1 (Base: 0x08000000, Size: 0x00003648, Max: 0x00080000, ABSOLUTE)

    Execution Region ER_IROM1 (Base: 0x08000000, Size: 0x00003550, Max: 0x00080000, ABSOLUTE)

    Base Addr    Size         Type   Attr      Idx    E Section Name        Object

    0x08000000   0x00000130   Data   RO            3    RESET               startup_stm32f10x_hd.o
    0x08000130   0x00000000   Code   RO         2486  * .ARM.Collect$$$$00000000  mc_w.l(entry.o)
    0x08000130   0x00000004   Code   RO         2489    .ARM.Collect$$$$00000001  mc_w.l(entry2.o)
    0x08000134   0x00000004   Code   RO         2492    .ARM.Collect$$$$00000004  mc_w.l(entry5.o)
    0x08000138   0x00000000   Code   RO         2494    .ARM.Collect$$$$00000008  mc_w.l(entry7b.o)
    0x08000138   0x00000000   Code   RO         2496    .ARM.Collect$$$$0000000A  mc_w.l(entry8b.o)
    0x08000138   0x00000008   Code   RO         2497    .ARM.Collect$$$$0000000B  mc_w.l(entry9a.o)
    0x08000140   0x00000000   Code   RO         2499    .ARM.Collect$$$$0000000D  mc_w.l(entry10a.o)
    0x08000140   0x00000000   Code   RO         2501    .ARM.Collect$$$$0000000F  mc_w.l(entry11a.o)
    0x08000140   0x00000004   Code   RO         2490    .ARM.Collect$$$$00002712  mc_w.l(entry2.o)
    0x08000144   0x00000024   Code   RO            4    .text               startup_stm32f10x_hd.o
    0x08000168   0x00000024   Code   RO         2503    .text               mc_w.l(init.o)
    0x0800018c   0x0000002c   Code   RO           10    i.ACU_Init          main.o
    0x080001b8   0x0000001a   Code   RO         2357    i.AllRelayControl   relay.o
    0x080001d2   0x00000002   PAD
    0x080001d4   0x00000020   Code   RO         2047    i.Begin_send        modbus.o
    0x080001f4   0x00000018   Code   RO         2048    i.Begin_send_Upload  modbus.o
    0x0800020c   0x00000040   Code   RO         1954    i.Delay_Init        delay.o
    0x0800024c   0x0000000c   Code   RO         1601    i.FLASH_ClearFlag   stm32f10x_flash.o
    0x08000258   0x0000004c   Code   RO         1606    i.FLASH_ErasePage   stm32f10x_flash.o
    0x080002a4   0x00000034   Code   RO         1607    i.FLASH_GetBank1Status  stm32f10x_flash.o
    0x080002d8   0x00000014   Code   RO         1616    i.FLASH_Lock        stm32f10x_flash.o
    0x080002ec   0x00000040   Code   RO         1619    i.FLASH_ProgramHalfWord  stm32f10x_flash.o
    0x0800032c   0x00000018   Code   RO         1624    i.FLASH_Unlock      stm32f10x_flash.o
    0x08000344   0x00000026   Code   RO         1628    i.FLASH_WaitForLastOperation  stm32f10x_flash.o
    0x0800036a   0x00000116   Code   RO         1169    i.GPIO_Init         stm32f10x_gpio.o
    0x08000480   0x00000090   Code   RO         1171    i.GPIO_PinRemapConfig  stm32f10x_gpio.o
    0x08000510   0x00000004   Code   RO         1176    i.GPIO_ResetBits    stm32f10x_gpio.o
    0x08000514   0x00000004   Code   RO         1177    i.GPIO_SetBits      stm32f10x_gpio.o
    0x08000518   0x00000030   Code   RO          220    i.GetByteFromQueue  queuebyte.o
    0x08000548   0x00000148   Code   RO         2225    i.GetDataFromSensor  modbus_host.o
    0x08000690   0x00000010   Code   RO         2270    i.GetInputData      dio.o
    0x080006a0   0x00000034   Code   RO         2303    i.HC595_Init        hc595.o
    0x080006d4   0x00000004   Code   RO          146    i.HardFault_Handler  stm32f10x_it.o
    0x080006d8   0x00000010   Code   RO         1775    i.IWDG_Enable       stm32f10x_iwdg.o
    0x080006e8   0x00000008   Code   RO         2029    i.IWDG_Feed         wdg.o
    0x080006f0   0x00000024   Code   RO         2030    i.IWDG_Init         wdg.o
    0x08000714   0x00000010   Code   RO         1777    i.IWDG_ReloadCounter  stm32f10x_iwdg.o
    0x08000724   0x0000000c   Code   RO         1778    i.IWDG_SetPrescaler  stm32f10x_iwdg.o
    0x08000730   0x0000000c   Code   RO         1779    i.IWDG_SetReload    stm32f10x_iwdg.o
    0x0800073c   0x0000000c   Code   RO         1780    i.IWDG_WriteAccessCmd  stm32f10x_iwdg.o
    0x08000748   0x00000088   Code   RO         2049    i.InitProg_485      modbus.o
    0x080007d0   0x0000004c   Code   RO         2271    i.Input_Init        dio.o
    0x0800081c   0x00000034   Code   RO         2304    i.LED_HC595_Init    hc595.o
    0x08000850   0x000000b0   Code   RO         2306    i.LED_WR_595_28bits_YAO  hc595.o
    0x08000900   0x00000084   Code   RO         1937    i.NVIC_Configuration  xc_config.o
    0x08000984   0x00000070   Code   RO          265    i.NVIC_Init         misc.o
    0x080009f4   0x00000014   Code   RO          266    i.NVIC_PriorityGroupConfig  misc.o
    0x08000a08   0x0000002c   Code   RO          221    i.PutByteInQueue    queuebyte.o
    0x08000a34   0x0000002c   Code   RO          222    i.Queue_byteCount   queuebyte.o
    0x08000a60   0x00000020   Code   RO          851    i.RCC_APB1PeriphClockCmd  stm32f10x_rcc.o
    0x08000a80   0x00000020   Code   RO          852    i.RCC_APB1PeriphResetCmd  stm32f10x_rcc.o
    0x08000aa0   0x00000020   Code   RO          853    i.RCC_APB2PeriphClockCmd  stm32f10x_rcc.o
    0x08000ac0   0x00000020   Code   RO          854    i.RCC_APB2PeriphResetCmd  stm32f10x_rcc.o
    0x08000ae0   0x000000d4   Code   RO          861    i.RCC_GetClocksFreq  stm32f10x_rcc.o
    0x08000bb4   0x000000ac   Code   RO          199    i.ReadDataFromFlash  flash.o
    0x08000c60   0x00000098   Code   RO         2164    i.RegisterMap_ReadData  resister.o
    0x08000cf8   0x000000c8   Code   RO         2165    i.RegisterMap_WriteData  resister.o
    0x08000dc0   0x0000005c   Code   RO         2374    i.RelayAndLedUpdate  relay.o
    0x08000e1c   0x00000044   Code   RO         2375    i.RelayInit         relay.o
    0x08000e60   0x000000b0   Code   RO         2226    i.SendCMD03toSensor  modbus_host.o
    0x08000f10   0x00000078   Code   RO          147    i.SendDataToExternRS485  stm32f10x_it.o
    0x08000f88   0x00000008   Code   RO         1902    i.SetSysClock       system_stm32f10x.o
    0x08000f90   0x000000e0   Code   RO         1903    i.SetSysClockTo72   system_stm32f10x.o
    0x08001070   0x00000460   Code   RO         2376    i.SingleRelayControl  relay.o
    0x080014d0   0x00000060   Code   RO         1905    i.SystemInit        system_stm32f10x.o
    0x08001530   0x00000074   Code   RO         2273    i.SystemStateDisplay  dio.o
    0x080015a4   0x00000060   Code   RO         1955    i.TIM2_Configuration  delay.o
    0x08001604   0x00000090   Code   RO          148    i.TIM2_IRQHandler   stm32f10x_it.o
    0x08001694   0x00000006   Code   RO          311    i.TIM_ClearFlag     stm32f10x_tim.o
    0x0800169a   0x00000006   Code   RO          312    i.TIM_ClearITPendingBit  stm32f10x_tim.o
    0x080016a0   0x00000018   Code   RO          317    i.TIM_Cmd           stm32f10x_tim.o
    0x080016b8   0x000001e8   Code   RO          322    i.TIM_DeInit        stm32f10x_tim.o
    0x080018a0   0x00000012   Code   RO          342    i.TIM_ITConfig      stm32f10x_tim.o
    0x080018b2   0x00000002   PAD
    0x080018b4   0x000000a4   Code   RO          388    i.TIM_TimeBaseInit  stm32f10x_tim.o
    0x08001958   0x000000a4   Code   RO         1986    i.UART4_Config      usart.o
    0x080019fc   0x0000003c   Code   RO          149    i.UART4_IRQHandler  stm32f10x_it.o
    0x08001a38   0x00000090   Code   RO         1987    i.USART1_Config     usart.o
    0x08001ac8   0x00000060   Code   RO          150    i.USART1_IRQHandler  stm32f10x_it.o
    0x08001b28   0x00000098   Code   RO         1988    i.USART2_Config     usart.o
    0x08001bc0   0x00000034   Code   RO          151    i.USART2_IRQHandler  stm32f10x_it.o
    0x08001bf4   0x00000012   Code   RO         1277    i.USART_ClearFlag   stm32f10x_usart.o
    0x08001c06   0x0000001e   Code   RO         1278    i.USART_ClearITPendingBit  stm32f10x_usart.o
    0x08001c24   0x00000018   Code   RO         1281    i.USART_Cmd         stm32f10x_usart.o
    0x08001c3c   0x0000001a   Code   RO         1284    i.USART_GetFlagStatus  stm32f10x_usart.o
    0x08001c56   0x00000054   Code   RO         1285    i.USART_GetITStatus  stm32f10x_usart.o
    0x08001caa   0x0000004a   Code   RO         1287    i.USART_ITConfig    stm32f10x_usart.o
    0x08001cf4   0x000000d8   Code   RO         1288    i.USART_Init        stm32f10x_usart.o
    0x08001dcc   0x0000000a   Code   RO         1295    i.USART_ReceiveData  stm32f10x_usart.o
    0x08001dd6   0x00000008   Code   RO         1298    i.USART_SendData    stm32f10x_usart.o
    0x08001dde   0x00000018   Code   RO          224    i.UpHead            queuebyte.o
    0x08001df6   0x00000002   PAD
    0x08001df8   0x000000e8   Code   RO         2050    i.UpLoadData        modbus.o
    0x08001ee0   0x00000018   Code   RO          225    i.UpTail            queuebyte.o
    0x08001ef8   0x000000b0   Code   RO         2309    i.WR_595_8bits      hc595.o
    0x08001fa8   0x000000a0   Code   RO          200    i.WriteDataToFlash  flash.o
    0x08002048   0x0000000e   Code   RO         2507    i.__scatterload_copy  mc_w.l(handlers.o)
    0x08002056   0x00000002   Code   RO         2508    i.__scatterload_null  mc_w.l(handlers.o)
    0x08002058   0x0000000e   Code   RO         2509    i.__scatterload_zeroinit  mc_w.l(handlers.o)
    0x08002066   0x00000002   PAD
    0x08002068   0x000002d8   Code   RO         2051    i.checkComm0Modbus  modbus.o
    0x08002340   0x00000038   Code   RO         2147    i.crc16             modbus_crc.o
    0x08002378   0x0000003c   Code   RO         1956    i.delay_ms          delay.o
    0x080023b4   0x000000e8   Code   RO         2052    i.forceMultipleCoils  modbus.o
    0x0800249c   0x00000070   Code   RO         2053    i.forceSingleCoil   modbus.o
    0x0800250c   0x000000f4   Code   RO         2166    i.getCoilVal        resister.o
    0x08002600   0x0000001c   Code   RO         2167    i.getRegisterVal    resister.o
    0x0800261c   0x00000124   Code   RO           12    i.main              main.o
    0x08002740   0x000000bc   Code   RO         2054    i.presetMultipleRegisters  modbus.o
    0x080027fc   0x0000009c   Code   RO         2055    i.presetSingleRegister  modbus.o
    0x08002898   0x00000104   Code   RO         2056    i.readCoils         modbus.o
    0x0800299c   0x00000100   Code   RO         2057    i.readInPutCoils    modbus.o
    0x08002a9c   0x000000ac   Code   RO         2058    i.readInPutRegisters  modbus.o
    0x08002b48   0x000000c0   Code   RO         2059    i.readRegisters     modbus.o
    0x08002c08   0x00000020   Code   RO         2168    i.setCoilVal        resister.o
    0x08002c28   0x00000030   Code   RO         2060    i.uart1sends        modbus.o
    0x08002c58   0x00000030   Code   RO         2227    i.uart2sends        modbus_host.o
    0x08002c88   0x00000200   Data   RO         2148    .constdata          modbus_crc.o
    0x08002e88   0x000006a8   Data   RO         2171    .constdata          resister.o
    0x08003530   0x00000020   Data   RO         2505    Region$$Table       anon$$obj.o


    Execution Region RW_IRAM1 (Base: 0x20000000, Size: 0x000015f0, Max: 0x00010000, ABSOLUTE)

    Base Addr    Size         Type   Attr      Idx    E Section Name        Object

    0x20000000   0x0000000c   Data   RW           14    .data               main.o
    0x2000000c   0x00000003   Data   RW          153    .data               stm32f10x_it.o
    0x2000000f   0x00000014   Data   RW          881    .data               stm32f10x_rcc.o
    0x20000023   0x00000001   PAD
    0x20000024   0x00000004   Data   RW         1958    .data               delay.o
    0x20000028   0x0000002d   Data   RW         2063    .data               modbus.o
    0x20000055   0x00000003   PAD
    0x20000058   0x00000084   Data   RW         2172    .data               resister.o
    0x200000dc   0x00000014   Data   RW         2229    .data               modbus_host.o
    0x200000f0   0x00000002   Data   RW         2274    .data               dio.o
    0x200000f2   0x00000005   Data   RW         2377    .data               relay.o
    0x200000f7   0x00000001   PAD
    0x200000f8   0x00000100   Zero   RW           13    .bss                main.o
    0x200001f8   0x00000043   Zero   RW          152    .bss                stm32f10x_it.o
    0x2000023b   0x000001e0   Zero   RW         2062    .bss                modbus.o
    0x2000041b   0x00000001   PAD
    0x2000041c   0x00000d70   Zero   RW         2170    .bss                resister.o
    0x2000118c   0x00000064   Zero   RW         2228    .bss                modbus_host.o
    0x200011f0   0x00000400   Zero   RW            1    STACK               startup_stm32f10x_hd.o


==============================================================================

Image component sizes


      Code (inc. data)   RO Data    RW Data    ZI Data      Debug   Object Name

       220         12          0          4          0       1717   delay.o
       208         28          0          2          0       2138   dio.o
       332         14          0          0          0       1351   flash.o
       456         20          0          0          0       2461   hc595.o
       336         34          0         12        256     263129   main.o
       132         22          0          0          0       1463   misc.o
      2768        226          0         45        480      10747   modbus.o
        56          8        512          0          0       1238   modbus_crc.o
       552         92          0         20        100       3267   modbus_host.o
       184          0          0          0          0       3156   queuebyte.o
      1306         14          0          5          0       3826   relay.o
       656        114       1704        132       3440       5582   resister.o
        36          8        304          0       1024        836   startup_stm32f10x_hd.o
       286         36          0          0          0       3752   stm32f10x_flash.o
       430          6          0          0          0       3726   stm32f10x_gpio.o
       476         86          0          3         67       3838   stm32f10x_it.o
        68         30          0          0          0       2370   stm32f10x_iwdg.o
       340         44          0         20          0       5448   stm32f10x_rcc.o
       706        106          0          0          0       4029   stm32f10x_tim.o
       490          6          0          0          0       7077   stm32f10x_usart.o
       328         28          0          0          0       1861   system_stm32f10x.o
       460         32          0          0          0       1999   usart.o
        44          0          0          0          0        988   wdg.o
       132          0          0          0          0        589   xc_config.o

    ----------------------------------------------------------------------
     11008        966       2552        248       5368     336588   Object Totals
         0          0         32          0          0          0   (incl. Generated)
         6          0          0          5          1          0   (incl. Padding)

    ----------------------------------------------------------------------

      Code (inc. data)   RO Data    RW Data    ZI Data      Debug   Library Member Name

         0          0          0          0          0          0   entry.o
         0          0          0          0          0          0   entry10a.o
         0          0          0          0          0          0   entry11a.o
         8          4          0          0          0          0   entry2.o
         4          0          0          0          0          0   entry5.o
         0          0          0          0          0          0   entry7b.o
         0          0          0          0          0          0   entry8b.o
         8          4          0          0          0          0   entry9a.o
        30          0          0          0          0          0   handlers.o
        36          8          0          0          0         68   init.o

    ----------------------------------------------------------------------
        88         16          0          0          0         68   Library Totals
         2          0          0          0          0          0   (incl. Padding)

    ----------------------------------------------------------------------

      Code (inc. data)   RO Data    RW Data    ZI Data      Debug   Library Name

        86         16          0          0          0         68   mc_w.l

    ----------------------------------------------------------------------
        88         16          0          0          0         68   Library Totals

    ----------------------------------------------------------------------

==============================================================================


      Code (inc. data)   RO Data    RW Data    ZI Data      Debug   

     11096        982       2552        248       5368     331868   Grand Totals
     11096        982       2552        248       5368     331868   ELF Image Totals
     11096        982       2552        248          0          0   ROM Totals

==============================================================================

    Total RO  Size (Code + RO Data)                13648 (  13.33kB)
    Total RW  Size (RW Data + ZI Data)              5616 (   5.48kB)
    Total ROM Size (Code + RO Data + RW Data)      13896 (  13.57kB)

==============================================================================

